======================================================================
[판매순] 올리브영 상품 수집 시작
======================================================================
============================================================
0단계: 올리브영 카테고리 자동 선택
대카테고리: 스킨케어
중카테고리: 크림
============================================================
[완료] 카테고리 클릭: 스킨케어 > 크림
[현재 URL] https://www.oliveyoung.co.kr/store/display/getMCategoryList.do?dispCatNo=100000100010015&gateCd=Drawer&trackingCd=Cat100000100010015_MID&trackingCd=Cat100000100010015_MID&t_page=%EB%93%9C%EB%A1%9C%EC%9A%B0_%EC%B9%B4%ED%85%8C%EA%B3%A0%EB%A6%AC&t_click=%EC%B9%B4%ED%85%8C%EA%B3%A0%EB%A6%AC%ED%83%AD_%EC%A4%91%EC%B9%B4%ED%85%8C%EA%B3%A0%EB%A6%AC&t_1st_category_type=%EB%8C%80_%EC%8A%A4%ED%82%A8%EC%BC%80%EC%96%B4&t_2nd_category_type=%EC%A4%91_%ED%81%AC%EB%A6%BC
[카테고리 번호] 100000100010015
============================================================
▶ [판매순] 상품 수집 시작
============================================================
[목록] 1페이지 수집 중...
  목록 상품 수: 24
============================================================
▶ [판매순] 상품 상세정보 수집 시작
============================================================
[상세] 1/24 [헬로키티 테리백 증정/리뷰이벤트/산리오] 에스네이처 아쿠아 스쿠알란 수분크림 60ml 더블기획 (+헬로키티 키캡키링)
  [상세 성공] 평점:4.8 리뷰:38,544 용량:60ml*2개입 + 헬로키티 키캡 키링 성분:337자
[상세] 2/24 [9월 올영픽/산리오캐릭터즈 콜라보] 아누아 피디알엔 히알루론산 100 수분 크림 60ml 더블기획(+시나모롤 집게핀)
  [상세 성공] 평점:4.8 리뷰:10,314 용량:[본품] 60ml 2입 + [GWP] 시나모롤 집게핀 성분:710자
[상세] 3/24 [9월 올영픽/손상장벽집중케어]라로슈포제 시카플라스트밤 B5+ 100ml 기획 (+시카에센스7.5ml+히알루세럼3ml)
  [상세 성공] 평점:4.8 리뷰:34,914 용량:시카플라스트 밤 B5+ 100ml (+시카에센스 7.5ml+히알루세럼 3ml) 성분:1077자
[상세] 4/24 [1등크림] 에스트라 아토베리어365 크림 80ml 기획(+토너25ml+클렌징폼3g*3EA)
  [상세 성공] 평점:4.9 리뷰:40,191 용량:80ML (내장 증정: 토너 25ml + 클렌징폼 3g*3) 성분:456자
[상세] 5/24 [9월 올영픽/데일리장벽케어] 라로슈포제 시카플라스트 멀티 리페어 크림 100ml 기획 (+시카에센스 7.5ml*2)
  [상세 성공] 평점:4.8 리뷰:20,587 용량:시카플라스트 멀티 리페어 크림 100ml (+시카에센스 7.5ml*2) 성분:787자
[상세] 6/24 [4배속_응급진정/장벽강화]리쥬덱스 더마 리페어링 크림 20g 단품/기획(+5g*2)
  [상세 성공] 평점:4.9 리뷰:1,924 용량:[단품] 20g / [기획] 20g + 5g * 2 성분:309자
[상세] 7/24 [장원영PICK] 닥터엘시아 345 릴리프 크림 50ml 기획 (+10ml*2ea+튜브링거)
  [상세 성공] 평점:4.8 리뷰:5,279 용량:크림 50ml (+10ml*2ea+튜브링거) 성분:407자
[상세] 8/24 [9월 올영픽] 피지오겔 DMT 페이셜 크림 대용량 200ml 기획(+토너50ml+마스크1매)
  [상세 성공] 평점:4.8 리뷰:24,585 용량:크림 200ml + 토너 50ml + 마스크 28ml x1매 성분:757자
[상세] 9/24 [9월 올영픽] 토리든 다이브인 저분자 히알루론산 수딩 크림 100ml 더블 기획 (+메쉬백) (시나모롤)
  [상세 성공] 평점:4.9 리뷰:3,715 용량:100 ml / 3.38 fl. oz. 성분:477자
[상세] 10/24 [베일리pick/단독기획] VT 피디알엔 리들샷 아이 리프터 15ml 리필기획 (+리필 15ml)
  [상세 성공] 평점:4.9 리뷰:3,231 용량:15ml / 0.50 fl. oz. * 2개입 성분:1057자
[상세] 11/24 [수분진정/세럼증정] 닥터지 레드블레미쉬 클리어 수딩크림 EX 70ml기획 (+30ml+세럼10ml*2ea)
  [상세 성공] 평점:4.9 리뷰:4,417 용량:크림70ml(jar)+크림30ml(tube)+세럼10ml*2(20ml) 성분:1019자
[상세] 12/24 셀리맥스 더 비타 A 레티날 샷 타이트닝 듀얼 크림 50ml
  [상세 성공] 평점:4.8 리뷰:240 용량:50ml 성분:484자
[상세] 13/24 [9월 올영픽][누렁이 콜라보] 제로이드 인텐시브 크림 80ml+50ml 기획 (+누렁이 파우치)
  [상세 성공] 평점:4.8 리뷰:13,075 용량:80ml + 50ml 성분:267자
[상세] 14/24 [1+1/초고보습 장벽크림] 레이어랩 판테놀 인텐시브 크림 플러스 60ml 더블 기획
  [상세 성공] 평점:4.9 리뷰:551 용량:60ml*2ea 성분:552자
[상세] 15/24 페이보릿 매끈 크림 50ml
  [상세 성공] 평점:5 리뷰:23 용량:50ml 1.6 fl. oz. 성분:524자
[상세] 16/24 [카디비PICK|탄력보습] 바이오힐보 프로바이오덤 3D리프팅 크림 50ml [단품/기획]
  [상세 성공] 평점:4.9 리뷰:6,977 용량:단품 50ml/ 리필기획 50ml+50ml/ 대용량기획 50ml+50ml+20ml/ 크림마스크기획 50ml+크림마스크1매 성분:1790자
[상세] 17/24 [9월올영픽] 바이오더마 시카비오 포마드 100ml 기획(+포마드 5ml+크림 5ml+크림 SPF50 5ml)
  [상세 성공] 평점:4.8 리뷰:17,511 용량:100ml 성분:304자
[상세] 18/24 [헬로키티 테리백 증정/리뷰이벤트/산리오] 에스네이처 아쿠아 오아시스 수분 젤크림 90ml 기획 (+헬로키티 러기지택)
  [상세 성공] 평점:4.8 리뷰:7,438 용량:젤크림 90ml + 헬로키티 러기지 네임택 성분:387자
[상세] 19/24 도미나스 크림 Rx 30ml 대용량 한정기획 (+20ml)
  [상세 성공] 평점:4.8 리뷰:1,645 용량:[본품] 30ml [증정] 20ml 성분:798자
[상세] 20/24 [흔적,기미,미백/TXA] 셀리맥스 트라넥삼산 잡티 크림 35ml 기획 (+14ml)
  [상세 성공] 평점:4.8 리뷰:2,574 용량:35ml+7ml+7ml 성분:485자
[상세] 21/24 [손상장벽MD] 동국제약 마데카셀 베리어 엠디 크림 70g (의료기기)
  [상세 성공] 평점:4.9 리뷰:2,839 용량: 성분:0자
[상세] 22/24 [한정수량] 라로슈포제 시카플라스트 밤 B5+ 200ml기획 (+1.5ml+시카토너50ml+히알루세럼1.5ml)
  [상세 성공] 평점:4.8 리뷰:39,952 용량:시카플라스트 밤 B5+ 200ml (+1.5ml+시카토너 50ml+히알루세럼 1.5ml) 성분:816자
[상세] 23/24 [우주먼지 에디션]션리 다시마 글레이즈드 크림 50g 기획 (+우주먼지쇼퍼백+스티커 3ea)
  [상세 성공] 평점:5 리뷰:7,666 용량:50g 성분:554자
[상세] 24/24 [한정기획/강력진정크림] 닥터자르트 시카페어 인텐시브 수딩 리페어 크림 50ml 1+1 기획
  [상세 성공] 평점:4.8 리뷰:4,133 용량:50ml+50ml 성분:508자
[상품 CSV 저장 완료] Data\2026-09-15_cream\oliveyoung_판매순(info)_260915.csv
모든 정렬순서 상품 수집 완료!

[판매순] 상품 CSV: Data\2026-09-15_cream\oliveyoung_판매순(info)_260915.csv
[판매순] --skip-reviews 옵션으로 리뷰 수집을 생략합니다.
======================================================================
[신상품순] 올리브영 상품 수집 시작
======================================================================
============================================================
0단계: 올리브영 카테고리 자동 선택
대카테고리: 스킨케어
중카테고리: 크림
============================================================
[완료] 카테고리 클릭: 스킨케어 > 크림
[현재 URL] https://www.oliveyoung.co.kr/store/display/getMCategoryList.do?dispCatNo=100000100010015&gateCd=Drawer&trackingCd=Cat100000100010015_MID&trackingCd=Cat100000100010015_MID&t_page=%EB%93%9C%EB%A1%9C%EC%9A%B0_%EC%B9%B4%ED%85%8C%EA%B3%A0%EB%A6%AC&t_click=%EC%B9%B4%ED%85%8C%EA%B3%A0%EB%A6%AC%ED%83%AD_%EC%A4%91%EC%B9%B4%ED%85%8C%EA%B3%A0%EB%A6%AC&t_1st_category_type=%EB%8C%80_%EC%8A%A4%ED%82%A8%EC%BC%80%EC%96%B4&t_2nd_category_type=%EC%A4%91_%ED%81%AC%EB%A6%BC
[카테고리 번호] 100000100010015
============================================================
▶ [신상품순] 상품 수집 시작
============================================================
[목록] 1페이지 수집 중...
  목록 상품 수: 23
[목록] 2페이지 수집 중...
  목록 상품 수: 22
============================================================
▶ [신상품순] 상품 상세정보 수집 시작
============================================================
[상세] 1/24 [26년신형/올인원 케어] 달바 화이트 트러플 더블 세럼 앤 크림 70g
  [상세 성공] 평점: 리뷰: 용량:1제 아쿠아세럼 35g 2제 인텐스 크림 35g 성분:956자
[상세] 2/24 [NEW/기프트]랑콤 제니피끄 세럼/레네르지 콜라겐 크림 50ml 선물 기획 2종
  [상세 성공] 평점: 리뷰: 용량:50ml 성분:741자
[상세] 3/24 [탄력케어] 락토-피디알엔 4% + 비9 아이크림 15ml
  [상세 성공] 평점:5 리뷰:1 용량:15ml 성분:316자
[상세] 4/24 [여배우 물광크림] 메디큐브 PDRN 핑크 콜라겐 캡슐크림 55g 기획 (+4.5g*2ea+앰플 마스크 1ea)
  [상세 성공] 평점:4.7 리뷰:1,899 용량:본품 55g / 블리스터 4.5g*2매 / 앰플마스크 1매 성분:1387자
[상세] 5/24 [단독기획] 동아제약 색소침착 프로 크림제 40ml 기획(+5ml*2)
  [상세 성공] 평점:4.9 리뷰:7,987 용량:[본품] 40ml [증정품] 5ml*2ea 성분:515자
[상세] 6/24 [우주먼지 에디션]션리 다시마 글레이즈드 크림 50g 기획 (+우주먼지쇼퍼백+스티커 3ea)
  [상세 성공] 평점:5 리뷰:7,666 용량:50g 성분:554자
[상세] 7/24 도미나스 크림 Rx 30ml 대용량 한정기획 (+20ml)
  [상세 성공] 평점:4.8 리뷰:1,645 용량:[본품] 30ml [증정] 20ml 성분:798자
[상세] 8/24 [1+1/초고보습 장벽크림] 레이어랩 판테놀 인텐시브 크림 플러스 60ml 더블 기획
  [상세 성공] 평점:4.9 리뷰:551 용량:60ml*2ea 성분:552자
[상세] 9/24 [헬로키티 테리백 증정/리뷰이벤트/산리오] 에스네이처 아쿠아 오아시스 수분 젤크림 90ml 기획 (+헬로키티 러기지택)
  [상세 성공] 평점:4.8 리뷰:7,438 용량:젤크림 90ml + 헬로키티 러기지 네임택 성분:387자
[상세] 10/24 [헬로키티 테리백 증정/리뷰이벤트/산리오] 에스네이처 아쿠아 스쿠알란 수분크림 60ml 더블기획 (+헬로키티 키캡키링)
  [상세 성공] 평점:4.8 리뷰:38,544 용량:60ml*2개입 + 헬로키티 키캡 키링 성분:337자
[상세] 11/24 AHC 프로 샷 히알루로 딥 볼륨 5 캡슐 인퓨즈드 아이크림 포 페이스 30ml
  [상세 성공] 평점:5 리뷰:1 용량:30ml 성분:515자
[상세] 12/24 VT 피디알엔 캡슐 크림 100 50ml 기획 (+4.5ml*3ea)
  [상세 성공] 평점:4.8 리뷰:385 용량:50ml / 1.69 fl. oz [증정] 4.5ml * 3ea 성분:733자
[상세] 13/24 [9월 올영픽] 토리든 다이브인 저분자 히알루론산 수딩 크림 100ml 더블 기획 (+메쉬백) (시나모롤)
  [상세 성공] 평점:4.9 리뷰:3,716 용량:100 ml / 3.38 fl. oz. 성분:477자
[상세] 14/24 [습윤장벽] 동아제약 딥-베리어 프로 크림제 50ml 기획 (+10ml)
  [상세 성공] 평점:5 리뷰:646 용량:50 ml + [증정품] 10 ml 성분:621자
[상세] 15/24 [9월 올영픽/산리오 콜라보] 구달 청귤 비타C 잡티케어 크림 알파 75ml+75ml 리필 기획(+폼폼푸린 카드케이스)
  [상세 성공] 평점:4.9 리뷰:1,375 용량:75ml+75ml 성분:609자
[상세] 16/24 [9월 올영픽] 피지오겔 DMT 페이셜 크림 대용량 200ml 기획(+토너50ml+마스크1매)
  [상세 성공] 평점:4.8 리뷰:24,585 용량:크림 200ml + 토너 50ml + 마스크 28ml x1매 성분:757자
[상세] 17/24 [NEW리뷰이벤트/붉은기진정크림] 동국제약 루온셀 듀얼 아쿠아 크림 50ml
  [상세 성공] 평점:5 리뷰:16 용량:50ml / 1.69 fl.oz. 성분:840자
[상세] 18/24 [최초구성/수부지장벽케어] 라운드랩 자작나무 수분 크림 80ml 더블 기획 (+자작 드롭 세럼 20ml)
  [상세 성공] 평점:4.8 리뷰:6,529 용량:[본품] 자작나무 수분 크림 160ml + [증정품] 자작나무 수분 드롭 세럼 20ml 성분:811자
[상세] 19/24 [9월올영픽] 바이오더마 시카비오 포마드 100ml 기획(+포마드 5ml+크림 5ml+크림 SPF50 5ml)
  [상세 성공] 평점:4.8 리뷰:17,512 용량:100ml 성분:304자
[상세] 20/24 [9월올영픽] 바이오더마 시카비오 크림+ 100ml 더블 기획
  [상세 성공] 평점:4.8 리뷰:4,529 용량:100ml + 100ml 성분:278자
[상세] 21/24 [9월 올영픽][누렁이 콜라보] 제로이드 인텐시브 크림 80ml+50ml 기획 (+누렁이 파우치)
  [상세 성공] 평점:4.8 리뷰:13,076 용량:80ml + 50ml 성분:267자
[상세] 22/24 [온라인단독/한정수량]라로슈포제 시카플라스트 멀티 리페어 크림 100ml 더블기획 (+15ml+시카에센스 7.5ml)
  [상세 성공] 평점:4.8 리뷰:20,170 용량:시카플라스트 멀티 리페어 크림 100ml 2입 (+15ml+시카에센스 7.5ml) 성분:787자
[상세] 23/24 [한정수량] 라로슈포제 시카플라스트 밤 B5+ 200ml기획 (+1.5ml+시카토너50ml+히알루세럼1.5ml)
  [상세 성공] 평점:4.8 리뷰:39,952 용량:시카플라스트 밤 B5+ 200ml (+1.5ml+시카토너 50ml+히알루세럼 1.5ml) 성분:816자
[상세] 24/24 [9월 올영픽/손상장벽집중케어]라로슈포제 시카플라스트밤 B5+ 100ml 기획 (+시카에센스7.5ml+히알루세럼3ml)
  [상세 성공] 평점:4.8 리뷰:34,914 용량:시카플라스트 밤 B5+ 100ml (+시카에센스 7.5ml+히알루세럼 3ml) 성분:1077자
[상품 CSV 저장 완료] Data\2026-09-15_cream\oliveyoung_신상품순(info)_260915.csv
모든 정렬순서 상품 수집 완료!

[신상품순] 상품 CSV: Data\2026-09-15_cream\oliveyoung_신상품순(info)_260915.csv
[신상품순] --skip-reviews 옵션으로 리뷰 수집을 생략합니다.

[건너뜀] --skip-import 옵션으로 DB 적재를 생략합니다.
