======================================================================
기존 상품 CSV로 올리브영 리뷰만 수집 시작
======================================================================
[리뷰 진행] 1/32
[리뷰] [9월 올영픽][대용량] 파티온 노스카나인 트러블 크림 75ml 기획(+5ml)
[대기] 올리브영 페이지 확인 중: 리뷰 상품 상세
      브라우저에 접속 확인 화면이 보이면 직접 완료해주세요.
  [리뷰 실패] 리뷰 탭 버튼 미발견 (10초 대기)
[리뷰 진행] 2/32
[리뷰] [습윤장벽] 동아제약 딥-베리어 프로 크림제 50ml 기획 (+10ml)
  [리뷰 성공] 10건
[리뷰 진행] 3/32
[리뷰] [9월 올영픽/산리오 콜라보] 구달 청귤 비타C 잡티케어 크림 알파 75ml+75ml 리필 기획(+폼폼푸린 카드케이스)
  [리뷰 성공] 10건
[리뷰 진행] 4/32
[리뷰] [NEW리뷰이벤트/붉은기진정크림] 동국제약 루온셀 듀얼 아쿠아 크림 50ml
  [리뷰 성공] 10건
[리뷰 진행] 5/32
[리뷰] [최초구성/수부지장벽케어] 라운드랩 자작나무 수분 크림 80ml 더블 기획 (+자작 드롭 세럼 20ml)
  [리뷰 성공] 10건
[리뷰 진행] 6/32
[리뷰] [9월올영픽] 바이오더마 시카비오 크림+ 100ml 더블 기획
  [리뷰 성공] 10건
[리뷰 진행] 7/32
[리뷰] [온라인단독/한정수량]라로슈포제 시카플라스트 멀티 리페어 크림 100ml 더블기획 (+15ml+시카에센스 7.5ml)
  [리뷰 성공] 10건
[리뷰 진행] 8/32
[리뷰] [9월 올영픽/산리오캐릭터즈 콜라보] 아누아 피디알엔 히알루론산 100 수분 크림 60ml 더블기획(+시나모롤 집게핀)
  [리뷰 성공] 10건
[리뷰 진행] 9/32
[리뷰] [9월 올영픽/손상장벽집중케어]라로슈포제 시카플라스트밤 B5+ 100ml 기획 (+시카에센스7.5ml+히알루세럼3ml)
  [리뷰 성공] 10건
[리뷰 진행] 10/32
[리뷰] [1등크림] 에스트라 아토베리어365 크림 80ml 기획(+토너25ml+클렌징폼3g*3EA)
  [리뷰 성공] 10건
[리뷰 진행] 11/32
[리뷰] [9월 올영픽/데일리장벽케어] 라로슈포제 시카플라스트 멀티 리페어 크림 100ml 기획 (+시카에센스 7.5ml*2)
  [리뷰 성공] 10건
[리뷰 진행] 12/32
[리뷰] [4배속_응급진정/장벽강화]리쥬덱스 더마 리페어링 크림 20g 단품/기획(+5g*2)
  [리뷰 성공] 10건
[리뷰 진행] 13/32
[리뷰] [장원영PICK] 닥터엘시아 345 릴리프 크림 50ml 기획 (+10ml*2ea+튜브링거)
  [리뷰 성공] 10건
[리뷰 진행] 14/32
[리뷰] [9월 올영픽] 피지오겔 DMT 페이셜 크림 대용량 200ml 기획(+토너50ml+마스크1매)
  [리뷰 성공] 10건
[리뷰 진행] 15/32
[리뷰] [9월 올영픽] 토리든 다이브인 저분자 히알루론산 수딩 크림 100ml 더블 기획 (+메쉬백) (시나모롤)
  [리뷰 성공] 10건
[리뷰 진행] 16/32
[리뷰] [베일리pick/단독기획] VT 피디알엔 리들샷 아이 리프터 15ml 리필기획 (+리필 15ml)
  [리뷰 성공] 10건
[리뷰 진행] 17/32
[리뷰] [수분진정/세럼증정] 닥터지 레드블레미쉬 클리어 수딩크림 EX 70ml기획 (+30ml+세럼10ml*2ea)
  [리뷰 성공] 10건
[리뷰 진행] 18/32
[리뷰] 셀리맥스 더 비타 A 레티날 샷 타이트닝 듀얼 크림 50ml
  [리뷰 성공] 10건
[리뷰 진행] 19/32
[리뷰] [9월 올영픽][누렁이 콜라보] 제로이드 인텐시브 크림 80ml+50ml 기획 (+누렁이 파우치)
  [리뷰 성공] 10건
[리뷰 진행] 20/32
[리뷰] 페이보릿 매끈 크림 50ml
  [리뷰 성공] 10건
[리뷰 진행] 21/32
[리뷰] [카디비PICK|탄력보습] 바이오힐보 프로바이오덤 3D리프팅 크림 50ml [단품/기획]
  [리뷰 성공] 10건
[리뷰 진행] 22/32
[리뷰] [9월올영픽] 바이오더마 시카비오 포마드 100ml 기획(+포마드 5ml+크림 5ml+크림 SPF50 5ml)
  [리뷰 성공] 10건
[리뷰 진행] 23/32
[리뷰] [헬로키티 테리백 증정/리뷰이벤트/산리오] 에스네이처 아쿠아 오아시스 수분 젤크림 90ml 기획 (+헬로키티 러기지택)
  [리뷰 성공] 10건
[리뷰 진행] 24/32
[리뷰] 도미나스 크림 Rx 30ml 대용량 한정기획 (+20ml)
  [리뷰 성공] 10건
[리뷰 진행] 25/32
[리뷰] [흔적,기미,미백/TXA] 셀리맥스 트라넥삼산 잡티 크림 35ml 기획 (+14ml)
  [리뷰 성공] 10건
[리뷰 진행] 26/32
[리뷰] [손상장벽MD] 동국제약 마데카셀 베리어 엠디 크림 70g (의료기기)
  [리뷰 성공] 10건
[리뷰 진행] 27/32
[리뷰] [한정수량] 라로슈포제 시카플라스트 밤 B5+ 200ml기획 (+1.5ml+시카토너50ml+히알루세럼1.5ml)
  [리뷰 성공] 10건
[리뷰 진행] 28/32
[리뷰] [우주먼지 에디션]션리 다시마 글레이즈드 크림 50g 기획 (+우주먼지쇼퍼백+스티커 3ea)
  [리뷰 성공] 10건
[리뷰 진행] 29/32
[리뷰] [한정기획/강력진정크림] 닥터자르트 시카페어 인텐시브 수딩 리페어 크림 50ml 1+1 기획
  [리뷰 성공] 10건
[리뷰 진행] 30/32
[리뷰] [NEW] 온그리디언츠 바쿠글로우 레티날 부스터 샷 0.2퍼센트 30ml
  [리뷰 성공] 10건
[리뷰 진행] 31/32
[리뷰] [우주먼지 에디션]션리 다시마 그리너리 세럼 35ml 기획 (+우주먼지 스마트톡+스티커 3ea)
  [리뷰 성공] 10건
[리뷰 진행] 32/32
[리뷰] [리센느 원이PICK/1+1기획] 바이오던스 포어 퍼펙팅 콜라겐 펩타이드 세럼 30ml 리필 기획
  [리뷰 성공] 10건
[리뷰 CSV 저장 완료] Data\reviews_retry4\oliveyoung_32(review)_260916.csv

[건너뜀] --skip-import 옵션으로 DB 적재를 생략합니다.
