======================================================================
[판매순] 올리브영 상품 수집 시작
======================================================================
============================================================
0단계: 올리브영 카테고리 자동 선택
대카테고리: 스킨케어
중카테고리: 에센스/세럼/앰플
============================================================
[대기] 올리브영 페이지 확인 중: 카테고리 페이지
      브라우저에 접속 확인 화면이 보이면 직접 완료해주세요.
[완료] 카테고리 클릭: 스킨케어 > 에센스/세럼/앰플
[현재 URL] https://www.oliveyoung.co.kr/store/display/getMCategoryList.do?dispCatNo=100000100010014&gateCd=Drawer&trackingCd=Cat100000100010014_MID&trackingCd=Cat100000100010014_MID&t_page=%EB%93%9C%EB%A1%9C%EC%9A%B0_%EC%B9%B4%ED%85%8C%EA%B3%A0%EB%A6%AC&t_click=%EC%B9%B4%ED%85%8C%EA%B3%A0%EB%A6%AC%ED%83%AD_%EC%A4%91%EC%B9%B4%ED%85%8C%EA%B3%A0%EB%A6%AC&t_1st_category_type=%EB%8C%80_%EC%8A%A4%ED%82%A8%EC%BC%80%EC%96%B4&t_2nd_category_type=%EC%A4%91_%EC%97%90%EC%84%BC%EC%8A%A4%2F%EC%84%B8%EB%9F%BC%2F%EC%95%B0%ED%94%8C
[카테고리 번호] 100000100010014
============================================================
▶ [판매순] 상품 수집 시작
============================================================
[목록] 1페이지 수집 중...
  목록 상품 수: 24
============================================================
▶ [판매순] 상품 상세정보 수집 시작
============================================================
[상세] 1/24 [9월 올영픽] 토리든 다이브인 저분자 히알루론산 세럼 50ml 리필 기획 (+50ml 리필+자석인형) (시나모롤)
  [상세 성공] 평점:4.9 리뷰:3,694 용량:50 ml / 1.69 fl. oz. 성분:373자
[상세] 2/24 [9월 올영픽/산리오캐릭터즈 콜라보] 아누아 피디알엔 히알루론산 캡슐 100 세럼 30ml 더블기획(+시나모롤 파우치)
  [상세 성공] 평점:4.8 리뷰:23,820 용량:[본품] 30ml 2입 + [GWP] 시나모롤 파우치 성분:457자
[상세] 3/24 더마팩토리 나이아신아마이드 20% 세럼 30ml
  [상세 성공] 평점:4.8 리뷰:18,421 용량:30ml 성분:106자
[상세] 4/24 [1등모공앰플] 성분에디터 그린토마토 NMN 포어 리프팅 앰플 40ml 더블기획
  [상세 성공] 평점:4.7 리뷰:3,622 용량:40ml*2 성분:892자
[상세] 5/24 [단독기획/모공탄력] 셀리맥스 더 비타 A 레티날 샷 타이트닝 부스터 15ml 기획(+3ml)
  [상세 성공] 평점:4.8 리뷰:4,035 용량:15ml + 3ml 성분:345자
[상세] 6/24 [속건조필수템] 웰라쥬 리얼 히알루로닉 블루 100 앰플 100ml 기획 (+60ml 리필+수딩크림 30ml)
  [상세 성공] 평점:4.8 리뷰:22,566 용량:앰플: 100ml+60ml, 수딩크림: 30ml 성분:867자
[GPT OCR 실패] main_ingredients를 비워두고 계속합니다: Error code: 400 - {'error': {'message': 'Unable to download content from the provided URL before the timeout. Check that
[상세] 7/24 [24시간파우더] 넘버즈인 1번 판토텐산 스킨케어100 블러파우더 기획 (+퍼프 1개)
  [상세 성공] 평점:4.8 리뷰:20,700 용량:7g+퍼프 1개 성분:220자
[상세] 8/24 [9월 올영픽] 파티온 노스카나인 트러블 세럼 50ml 리필 기획 (+리필40ml+크림10ml)
  [상세 성공] 평점:4.9 리뷰:80,232 용량:[본품]트러블 세럼 50ml+[증정품]트러블 세럼 리필40ml+트러블 크림10ml 성분:973자
[상세] 9/24 [트러블진정세럼] 넘버즈인 1번 판토텐산 액티브업 수딩세럼 50ml 리필기획 (50ml+50ml)
  [상세 성공] 평점:4.8 리뷰:18,355 용량:50ml*2 성분:535자
[상세] 10/24 [산리오캐릭터즈 에디션] 메디힐 마데카소사이드 더마 세럼 50+50mL(+폼폼푸린 스마트톡)
  [상세 성공] 평점:4.9 리뷰:4,792 용량:50ml + 50ml 성분:438자
[상세] 11/24 [단독기획] 아누아 TXA 나이아신 흔적 세럼 30ml 2입
  [상세 성공] 평점:4.8 리뷰:6,340 용량:30mL x 2EA 성분:567자
[상세] 12/24 [산리오 특가/리뷰이벤트/헬로키티] 에스네이처 아쿠아 스쿠알란 세럼 50ml 리필기획(+리필50ml+헬로키티 파우치)
  [상세 성공] 평점:4.8 리뷰:16,448 용량:세럼 50ml + 세럼 50ml 리필팩 + 헬로키티 파우치 성분:316자
[상세] 13/24 [트러블모공] 디오디너리 나이아신아마이드 10% + 징크 1% 60ml
  [상세 성공] 평점:4.7 리뷰:13,854 용량:60ml 성분:107자
[상세] 14/24 [9월 올영픽/산리오 콜라보] 구달 청귤 비타C 잡티케어 세럼 알파 50+50ml 리필 기획(+폼폼푸린 마그넷 피규어)
  [상세 성공] 평점:4.9 리뷰:4,858 용량:50ml+50ml 성분:559자
[상세] 15/24 [세은 PICK/트러블1등] 셀라딕스 트러블 세범 리밸런싱 131 앰플 30ml
  [상세 성공] 평점:4.7 리뷰:5,880 용량:30ml 성분:332자
[상세] 16/24 [1등미백앰플] 메디큐브 PDRN 핑크 펩타이드 앰플 30ml 한정기획 (+리필팩 50ml+앰플 10ml)
  [상세 성공] 평점:4.8 리뷰:15,728 용량:본품 30ml +리필팩 50ml+앰플 미니어처 10ml 성분:423자
[상세] 17/24 [올영단독/속보습케어] 스킨앤랩 베리어덤 링거 앰플70ml(+70ml) 더블기획
  [상세 성공] 평점:5 리뷰:13,787 용량:70ml*2ea 성분:385자
[상세] 18/24 [30ml+30ml / 강력토닝케어] 아렌시아 비타민 C 부스터 샷 30ml 더블기획
  [상세 성공] 평점:4.8 리뷰:1,362 용량:30ml + 30ml 성분:319자
[상세] 19/24 [3일진정세럼]브링그린 징크테카 트러블 세럼 대용량 기획
  [상세 성공] 평점:4.7 리뷰:24,372 용량:■ 징크테카 세럼 50mL + 25mL리필*2EA / 50mL + 25mL리필 / 25ml+25mL리필 / 25ml 단품 성분:354자
[상세] 20/24 [1등모공결세럼] 넘버즈인 3번 보들보들 모공결 세럼 30ml 더블 기획
  [상세 성공] 평점:4.8 리뷰:7,825 용량:30ml *2 성분:337자
[상세] 21/24 에스트라 아토베리어365 하이드로에센스 200ml (+크림 10ml+앰플 10ml)
  [상세 성공] 평점:4.9 리뷰:14,571 용량:200ML 성분:406자
[상세] 22/24 [9월올영픽/설윤PICK] 바이오더마 하이드라비오 에센스 로션 200ml 기획 (+펌프용기+파우치) (2609)
  [상세 성공] 평점:4.8 리뷰:17,259 용량:200ml 성분:195자
[상세] 23/24 [1+1] 이니스프리 레티놀 시카 모공 흔적 앰플 30ml 리필기획(+30ml 리필)
  [상세 성공] 평점:4.9 리뷰:4,106 용량:30ml+리필 30ml 성분:442자
[상세] 24/24 [9월 올영픽/산리오] 아비브 어성초 테카 캡슐 세럼 카밍 드롭 50ml 더블 기획(+스팟패치+케이스)
  [상세 성공] 평점:4.7 리뷰:16,379 용량:50ml + 50ml 성분:527자
[상품 CSV 저장 완료] Data\2026-09-12_essence\oliveyoung_판매순(info)_260912.csv
모든 정렬순서 상품 수집 완료!

[판매순] 상품 CSV: Data\2026-09-12_essence\oliveyoung_판매순(info)_260912.csv
[판매순] --skip-reviews 옵션으로 리뷰 수집을 생략합니다.
======================================================================
[신상품순] 올리브영 상품 수집 시작
======================================================================
============================================================
0단계: 올리브영 카테고리 자동 선택
대카테고리: 스킨케어
중카테고리: 에센스/세럼/앰플
============================================================
[대기] 올리브영 페이지 확인 중: 카테고리 페이지
      브라우저에 접속 확인 화면이 보이면 직접 완료해주세요.
[완료] 카테고리 클릭: 스킨케어 > 에센스/세럼/앰플
[현재 URL] https://www.oliveyoung.co.kr/store/display/getMCategoryList.do?dispCatNo=100000100010014&gateCd=Drawer&trackingCd=Cat100000100010014_MID&trackingCd=Cat100000100010014_MID&t_page=%EB%93%9C%EB%A1%9C%EC%9A%B0_%EC%B9%B4%ED%85%8C%EA%B3%A0%EB%A6%AC&t_click=%EC%B9%B4%ED%85%8C%EA%B3%A0%EB%A6%AC%ED%83%AD_%EC%A4%91%EC%B9%B4%ED%85%8C%EA%B3%A0%EB%A6%AC&t_1st_category_type=%EB%8C%80_%EC%8A%A4%ED%82%A8%EC%BC%80%EC%96%B4&t_2nd_category_type=%EC%A4%91_%EC%97%90%EC%84%BC%EC%8A%A4%2F%EC%84%B8%EB%9F%BC%2F%EC%95%B0%ED%94%8C
[카테고리 번호] 100000100010014
============================================================
▶ [신상품순] 상품 수집 시작
============================================================
[목록] 1페이지 수집 중...
  목록 상품 수: 24
============================================================
▶ [신상품순] 상품 상세정보 수집 시작
============================================================
[상세] 1/24 [NEW/기프트]랑콤 제니피끄 세럼/레네르지 콜라겐 크림 50ml 선물 기획 2종
  [상세 성공] 평점: 리뷰: 용량:50ml 성분:741자
[상세] 2/24 [결/톤/탄력] 케이시크릿 서울 1988 레틴알 흑삼 세럼 30ml
  [상세 성공] 평점: 리뷰: 용량:30ml 성분:511자
[상세] 3/24 [NEW 진정세럼] 오브제 아크샷 트러블 진정 세럼 50ml
  [상세 성공] 평점: 리뷰: 용량:50ml 성분:367자
[상세] 4/24 [10초물광버블] 메디큐브 PDRN 핑크 콜라겐 버블 세럼 95ml 기획 (+젤리브러쉬)
  [상세 성공] 평점:4.6 리뷰:512 용량:95mlㅣ3.21 fl. oz. 성분:498자
[상세] 5/24 [NEW] 온그리디언츠 바쿠글로우 레티날 부스터 샷 0.2퍼센트 30ml
  [상세 성공] 평점:5 리뷰:51 용량:30ml / 1.01 fl.oz. 성분:749자
[상세] 6/24 아벤느 클리낭스 파워 컨트롤 세럼 30ml
  [상세 성공] 평점: 리뷰: 용량:30ml 성분:115자
[상세] 7/24 [우주먼지 에디션]션리 다시마 그리너리 세럼 35ml 기획 (+우주먼지 스마트톡+스티커 3ea)
  [상세 성공] 평점:5 리뷰:6,838 용량:35ml 성분:481자
[상세] 8/24 토니모리 세라마이드 하이드레이팅 버블 세럼 100ml
  [상세 성공] 평점:5 리뷰:26 용량:100ml 성분:611자
[상세] 9/24 [리센느 원이PICK/1+1기획] 바이오던스 포어 퍼펙팅 콜라겐 펩타이드 세럼 30ml 리필 기획
  [상세 성공] 평점:4.9 리뷰:3,395 용량:본품 30ml + 리필팩 30ml 성분:675자
[상세] 10/24 [1등미백앰플] 메디큐브 PDRN 핑크 펩타이드 앰플 30ml 한정기획 (+리필팩 50ml+앰플 10ml)
  [상세 성공] 평점:4.8 리뷰:15,728 용량:본품 30ml +리필팩 50ml+앰플 미니어처 10ml 성분:423자
[상세] 11/24 [산리오 특가/리뷰이벤트/헬로키티] 에스네이처 아쿠아 스쿠알란 세럼 50ml 리필기획(+리필50ml+헬로키티 파우치)
  [상세 성공] 평점:4.8 리뷰:16,449 용량:세럼 50ml + 세럼 50ml 리필팩 + 헬로키티 파우치 성분:316자
[상세] 12/24 닥터엘시아 345 릴리프 스팟 파우더 15ml
  [상세 성공] 평점:4.9 리뷰:7 용량:15ml / 0.50. fl.oz. 성분:359자
[상세] 13/24 [9월 올영픽] 토리든 다이브인 저분자 히알루론산 세럼 50ml 리필 기획 (+50ml 리필+자석인형) (시나모롤)
  [상세 성공] 평점:4.9 리뷰:3,695 용량:50 ml / 1.69 fl. oz. 성분:373자
[상세] 14/24 [9월 올영픽/산리오 콜라보] 구달 청귤 비타C E TXA 세럼 30ml+30ml 리필 기획 (+폼폼푸린 에코백)
  [상세 성공] 평점:4.9 리뷰:4,052 용량:30ml+30ml 성분:560자
[상세] 15/24 [9월 올영픽/산리오 콜라보] 구달 청귤 비타C 잡티케어 세럼 알파 50+50ml 리필 기획(+폼폼푸린 마그넷 피규어)
  [상세 성공] 평점:4.9 리뷰:4,858 용량:50ml+50ml 성분:559자
[상세] 16/24 [9월올영픽/잠티PICK] 피지오겔 데일리뮨 앰플 20ml+20ml 기획(+마스크1매)
  [상세 성공] 평점:4.8 리뷰:10,336 용량:앰플 20ml+20ml 마스크 25mlx1매 성분:904자
[상세] 17/24 [NEW리뷰이벤트/탄력캡슐세럼] 동국제약 루온셀 PDRN 세럼 25ml
  [상세 성공] 평점:5 리뷰:15 용량:25ml / 0.84 fl.oz. 성분:748자
[상세] 18/24 [NEW/수분홀딩] 라운드랩 자작나무 수분 드롭 세럼 50ml 기획 (+크림 20ml)
  [상세 성공] 평점:4.9 리뷰:199 용량:[본품] 자작나무 수분 드롭 세럼 50ml [증정품] 자작나무 수분 크림 20ml 성분:811자
[상세] 19/24 [9월올영픽/설윤PICK] 바이오더마 하이드라비오 에센스 로션 200ml 기획 (+펌프용기+파우치) (2609)
  [상세 성공] 평점:4.8 리뷰:17,259 용량:200ml 성분:195자
[상세] 20/24 [9월 올영픽/산리오] 아비브 어성초 테카 캡슐 세럼 카밍 드롭 50ml 더블 기획(+스팟패치+케이스)
  [상세 성공] 평점:4.7 리뷰:16,379 용량:50ml + 50ml 성분:527자
[상세] 21/24 [원현주PICK/신규기획] 믹순 콩 에센스 50ml 기획 (+콩 에센스 1.5ml*6ea + 콩 크림 15ml)
  [상세 성공] 평점:4.7 리뷰:1,408 용량:콩 에센스 50ml / 콩 에센스 1.5ml x 6개 / 콩 크림 15ml 성분:610자
[상세] 22/24 [화잘먹/속건조 수분충전] 디마프 히어로 마이 퍼스트 버블세럼 155ml 기획 (+50ml 구성)
  [상세 성공] 평점:4.9 리뷰:1,574 용량:155ml + 50ml 성분:265자
[상세] 23/24 [9월 올영픽] 유세린 하이알루론 에피셀린 세럼 30ml 기획 (+진정장벽 마스크팩 1매)
  [상세 성공] 평점:4.8 리뷰:1,286 용량:본품: 30ml / 증정: 마스크팩 25g*1ea 성분:602자
[상세] 24/24 [썸머썸머PICK/9월 올영픽] 유세린 티아미돌 부스터 세럼 30ml 기획 (+광채 세럼 7ml)
  [상세 성공] 평점:4.7 리뷰:785 용량:본품: 30ml / 증정: 일루미네이팅 세럼 7ml*1ea 성분:497자
[상품 CSV 저장 완료] Data\2026-09-12_essence\oliveyoung_신상품순(info)_260912.csv
모든 정렬순서 상품 수집 완료!

[신상품순] 상품 CSV: Data\2026-09-12_essence\oliveyoung_신상품순(info)_260912.csv
[신상품순] --skip-reviews 옵션으로 리뷰 수집을 생략합니다.

[건너뜀] --skip-import 옵션으로 DB 적재를 생략합니다.
