===== 氚办箻 1 鞁滌瀾 =====
======================================================================
扁粮 惑前 CSV肺 棵府宏康 府轰父 荐笼 矫累
======================================================================
[府轰 柳青] 1/20
[府轰] [9岿 棵康侨][措侩樊] 颇萍柯 畴胶墨唱牢 飘矾喉 农覆 75ml 扁裙(+5ml)
[措扁] 棵府宏康 其捞瘤 犬牢 吝: 府轰 惑前 惑技
      宏扼快历俊 立加 犬牢 拳搁捞 焊捞搁 流立 肯丰秦林技夸.
  [府轰 角菩] 府轰 徘 努腐 角菩
[府轰 柳青] 2/20
[府轰] [26斥脚屈/棵牢盔 纳绢] 崔官 拳捞飘 飘矾敲 歹喉 技烦 矩 农覆 70g
  [府轰 眠啊 肺靛 吝窜] scroll, 0/10扒
  [府轰 角菩] 府轰 哪器惩飘 肚绰 府轰 酒捞袍 固犬牢
[府轰 柳青] 3/20
[府轰] [咯硅快 拱堡农覆] 皋叼钮宏 PDRN 俏农 妮扼罢 母蕉农覆 55g 扁裙 (+4.5g*2ea+沮敲 付胶农 1ea)
  [府轰 己傍] 10扒
[府轰 柳青] 4/20
[府轰] [窜刀扁裙] 悼酒力距 祸家魔馒 橇肺 农覆力 40ml 扁裙(+5ml*2)
  [府轰 己傍] 10扒
[府轰 柳青] 5/20
[府轰] AHC 橇肺 鸡 洒舅风肺 钓 杭俘 5 母蕉 牢腔令靛 酒捞农覆 器 其捞胶 30ml
  [府轰 己傍] 1扒
[府轰 柳青] 6/20
[府轰] VT 乔叼舅浚 母蕉 农覆 100 50ml 扁裙 (+4.5ml*3ea)
  [府轰 眠啊 肺靛 吝窜] scroll, 0/10扒
  [府轰 角菩] 府轰 哪器惩飘 肚绰 府轰 酒捞袍 固犬牢
[府轰 柳青] 7/20
[府轰] [嚼辣厘寒] 悼酒力距 钓-海府绢 橇肺 农覆力 50ml 扁裙 (+10ml)
  [府轰 眠啊 肺靛 吝窜] scroll, 0/10扒
  [府轰 角菩] 府轰 哪器惩飘 肚绰 府轰 酒捞袍 固犬牢
[府轰 柳青] 8/20
[府轰] [9岿 棵康侨/魂府坷 妮扼焊] 备崔 没敝 厚鸥C 棱萍纳绢 农覆 舅颇 75ml+75ml 府鞘 扁裙(+汽汽仟赴 墨靛纳捞胶)
  [府轰 眠啊 肺靛 吝窜] scroll, 0/10扒
  [府轰 角菩] 府轰 哪器惩飘 肚绰 府轰 酒捞袍 固犬牢
[府轰 柳青] 9/20
[府轰] [NEW府轰捞亥飘/河篮扁柳沥农覆] 悼惫力距 风柯伎 掂倔 酒捻酒 农覆 50ml
  [府轰 眠啊 肺靛 吝窜] scroll, 0/10扒
  [府轰 角菩] 府轰 哪器惩飘 肚绰 府轰 酒捞袍 固犬牢
[府轰 柳青] 10/20
[府轰] [弥檬备己/荐何瘤厘寒纳绢] 扼款靛乏 磊累唱公 荐盒 农覆 80ml 歹喉 扁裙 (+磊累 靛酚 技烦 20ml)
  [府轰 眠啊 肺靛 吝窜] scroll, 0/10扒
  [府轰 角菩] 府轰 哪器惩飘 肚绰 府轰 酒捞袍 固犬牢
[府轰 柳青] 11/20
[府轰] [9岿棵康侨] 官捞坷歹付 矫墨厚坷 农覆+ 100ml 歹喉 扁裙
  [府轰 眠啊 肺靛 吝窜] scroll, 0/10扒
  [府轰 角菩] 府轰 哪器惩飘 肚绰 府轰 酒捞袍 固犬牢
[府轰 柳青] 12/20
[府轰] [柯扼牢窜刀/茄沥荐樊]扼肺酱器力 矫墨敲扼胶飘 钢萍 府其绢 农覆 100ml 歹喉扁裙 (+15ml+矫墨俊季胶 7.5ml)
  [府轰 眠啊 肺靛 吝窜] scroll, 0/10扒
  [府轰 角菩] 府轰 哪器惩飘 肚绰 府轰 酒捞袍 固犬牢
[府轰 柳青] 13/20
[府轰] [9岿 棵康侨/魂府坷某腐磐令 妮扼焊] 酒穿酒 乔叼舅浚 洒舅风沸魂 100 荐盒 农覆 60ml 歹喉扁裙(+矫唱葛费 笼霸巧)
  [府轰 眠啊 肺靛 吝窜] scroll, 0/10扒
  [府轰 角菩] 府轰 哪器惩飘 肚绰 府轰 酒捞袍 固犬牢
[府轰 柳青] 14/20
[府轰] [9岿 棵康侨/颊惑厘寒笼吝纳绢]扼肺酱器力 矫墨敲扼胶飘广 B5+ 100ml 扁裙 (+矫墨俊季胶7.5ml+洒舅风技烦3ml)
  [府轰 己傍] 10扒
[府轰 柳青] 15/20
[府轰] [1殿农覆] 俊胶飘扼 酒配海府绢365 农覆 80ml 扁裙(+配呈25ml+努坊隆汽3g*3EA)
  [府轰 眠啊 肺靛 吝窜] scroll, 0/10扒
  [府轰 角菩] 府轰 哪器惩飘 肚绰 府轰 酒捞袍 固犬牢
[府轰 柳青] 16/20
[府轰] [9岿 棵康侨/单老府厘寒纳绢] 扼肺酱器力 矫墨敲扼胶飘 钢萍 府其绢 农覆 100ml 扁裙 (+矫墨俊季胶 7.5ml*2)
  [府轰 眠啊 肺靛 吝窜] scroll, 0/10扒
  [府轰 角菩] 府轰 哪器惩飘 肚绰 府轰 酒捞袍 固犬牢
[府轰 柳青] 17/20
[府轰] [4硅加_览鞭柳沥/厘寒碍拳]府陵郸胶 歹付 府其绢傅 农覆 20g 窜前/扁裙(+5g*2)
  [府轰 眠啊 肺靛 吝窜] scroll, 0/10扒
  [府轰 角菩] 府轰 哪器惩飘 肚绰 府轰 酒捞袍 固犬牢
[府轰 柳青] 18/20
[府轰] [厘盔康PICK] 蹿磐郡矫酒 345 副府橇 农覆 50ml 扁裙 (+10ml*2ea+譬宏傅芭)
  [府轰 眠啊 肺靛 吝窜] scroll, 0/10扒
  [府轰 角菩] 府轰 哪器惩飘 肚绰 府轰 酒捞袍 固犬牢
[府轰 柳青] 19/20
[府轰] [9岿 棵康侨] 乔瘤坷爸 DMT 其捞既 农覆 措侩樊 200ml 扁裙(+配呈50ml+付胶农1概)
  [府轰 眠啊 肺靛 吝窜] scroll, 0/10扒
  [府轰 角菩] 府轰 哪器惩飘 肚绰 府轰 酒捞袍 固犬牢
[府轰 柳青] 20/20
[府轰] [9岿 棵康侨] 配府电 促捞宏牢 历盒磊 洒舅风沸魂 荐爹 农覆 100ml 歹喉 扁裙 (+皋浆归) (矫唱葛费)
  [府轰 眠啊 肺靛 吝窜] scroll, 0/10扒
  [府轰 角菩] 府轰 哪器惩飘 肚绰 府轰 酒捞袍 固犬牢
[府轰 CSV 历厘 肯丰] Data\reviews_retry_batch1\oliveyoung_1(review)_260915.csv

[扒呈盾] --skip-import 可记栏肺 DB 利犁甫 积帆钦聪促.
===== 氚办箻 1 膦呺 =====
===== 氚办箻 2 鞁滌瀾 =====
======================================================================
扁粮 惑前 CSV肺 棵府宏康 府轰父 荐笼 矫累
======================================================================
[府轰 柳青] 1/20
[府轰] [海老府pick/窜刀扁裙] VT 乔叼舅浚 府甸鸡 酒捞 府橇磐 15ml 府鞘扁裙 (+府鞘 15ml)
[措扁] 棵府宏康 其捞瘤 犬牢 吝: 府轰 惑前 惑技
      宏扼快历俊 立加 犬牢 拳搁捞 焊捞搁 流立 肯丰秦林技夸.
  [府轰 眠啊 肺靛 吝窜] scroll, 0/10扒
  [府轰 角菩] 府轰 哪器惩飘 肚绰 府轰 酒捞袍 固犬牢
[府轰 柳青] 2/20
[府轰] [荐盒柳沥/技烦刘沥] 蹿磐瘤 饭靛喉饭固浆 努府绢 荐爹农覆 EX 70ml扁裙 (+30ml+技烦10ml*2ea)
