======================================================================
기존 상품 CSV로 올리브영 리뷰만 수집 시작
======================================================================
[리뷰 진행] 1/63
[리뷰] [9월 올영픽][대용량] 파티온 노스카나인 트러블 크림 75ml 기획(+5ml)
[대기] 올리브영 페이지 확인 중: 리뷰 상품 상세
      브라우저에 접속 확인 화면이 보이면 직접 완료해주세요.
  [리뷰 실패] 리뷰 탭 버튼 미발견 (10초 대기)
[리뷰 진행] 2/63
[리뷰] [26년신형/올인원 케어] 달바 화이트 트러플 더블 세럼 앤 크림 70g
  [리뷰 추가 로드 중단] scroll, 0/10건
  [리뷰 실패] 리뷰 컴포넌트 또는 리뷰 아이템 미확인
[리뷰 진행] 3/63
[리뷰] [습윤장벽] 동아제약 딥-베리어 프로 크림제 50ml 기획 (+10ml)
  [리뷰 추가 로드 중단] scroll, 0/10건
  [리뷰 실패] 리뷰 컴포넌트 또는 리뷰 아이템 미확인
[리뷰 진행] 4/63
[리뷰] [9월 올영픽/산리오 콜라보] 구달 청귤 비타C 잡티케어 크림 알파 75ml+75ml 리필 기획(+폼폼푸린 카드케이스)
  [리뷰 추가 로드 중단] scroll, 0/10건
  [리뷰 실패] 리뷰 컴포넌트 또는 리뷰 아이템 미확인
[리뷰 진행] 5/63
[리뷰] [NEW리뷰이벤트/붉은기진정크림] 동국제약 루온셀 듀얼 아쿠아 크림 50ml
  [리뷰 추가 로드 중단] scroll, 0/10건
  [리뷰 실패] 리뷰 컴포넌트 또는 리뷰 아이템 미확인
[리뷰 진행] 6/63
[리뷰] [최초구성/수부지장벽케어] 라운드랩 자작나무 수분 크림 80ml 더블 기획 (+자작 드롭 세럼 20ml)
  [리뷰 추가 로드 중단] scroll, 0/10건
  [리뷰 실패] 리뷰 컴포넌트 또는 리뷰 아이템 미확인
[리뷰 진행] 7/63
[리뷰] [9월올영픽] 바이오더마 시카비오 크림+ 100ml 더블 기획
  [리뷰 추가 로드 중단] scroll, 0/10건
  [리뷰 실패] 리뷰 컴포넌트 또는 리뷰 아이템 미확인
[리뷰 진행] 8/63
[리뷰] [온라인단독/한정수량]라로슈포제 시카플라스트 멀티 리페어 크림 100ml 더블기획 (+15ml+시카에센스 7.5ml)
  [리뷰 추가 로드 중단] scroll, 0/10건
  [리뷰 실패] 리뷰 컴포넌트 또는 리뷰 아이템 미확인
[리뷰 진행] 9/63
[리뷰] [9월 올영픽/산리오캐릭터즈 콜라보] 아누아 피디알엔 히알루론산 100 수분 크림 60ml 더블기획(+시나모롤 집게핀)
  [리뷰 추가 로드 중단] scroll, 0/10건
  [리뷰 실패] 리뷰 컴포넌트 또는 리뷰 아이템 미확인
[리뷰 진행] 10/63
[리뷰] [9월 올영픽/손상장벽집중케어]라로슈포제 시카플라스트밤 B5+ 100ml 기획 (+시카에센스7.5ml+히알루세럼3ml)
  [리뷰 추가 로드 중단] scroll, 0/10건
  [리뷰 실패] 리뷰 컴포넌트 또는 리뷰 아이템 미확인
[리뷰 진행] 11/63
[리뷰] [1등크림] 에스트라 아토베리어365 크림 80ml 기획(+토너25ml+클렌징폼3g*3EA)
  [리뷰 추가 로드 중단] scroll, 0/10건
  [리뷰 실패] 리뷰 컴포넌트 또는 리뷰 아이템 미확인
[리뷰 진행] 12/63
[리뷰] [9월 올영픽/데일리장벽케어] 라로슈포제 시카플라스트 멀티 리페어 크림 100ml 기획 (+시카에센스 7.5ml*2)
  [리뷰 추가 로드 중단] scroll, 0/10건
  [리뷰 실패] 리뷰 컴포넌트 또는 리뷰 아이템 미확인
[리뷰 진행] 13/63
[리뷰] [4배속_응급진정/장벽강화]리쥬덱스 더마 리페어링 크림 20g 단품/기획(+5g*2)
  [리뷰 추가 로드 중단] scroll, 0/10건
  [리뷰 실패] 리뷰 컴포넌트 또는 리뷰 아이템 미확인
[리뷰 진행] 14/63
[리뷰] [장원영PICK] 닥터엘시아 345 릴리프 크림 50ml 기획 (+10ml*2ea+튜브링거)
  [리뷰 추가 로드 중단] scroll, 0/10건
  [리뷰 실패] 리뷰 컴포넌트 또는 리뷰 아이템 미확인
[리뷰 진행] 15/63
[리뷰] [9월 올영픽] 피지오겔 DMT 페이셜 크림 대용량 200ml 기획(+토너50ml+마스크1매)
  [리뷰 추가 로드 중단] scroll, 0/10건
  [리뷰 실패] 리뷰 컴포넌트 또는 리뷰 아이템 미확인
[리뷰 진행] 16/63
[리뷰] [9월 올영픽] 토리든 다이브인 저분자 히알루론산 수딩 크림 100ml 더블 기획 (+메쉬백) (시나모롤)
  [리뷰 추가 로드 중단] scroll, 0/10건
  [리뷰 실패] 리뷰 컴포넌트 또는 리뷰 아이템 미확인
[리뷰 진행] 17/63
[리뷰] [베일리pick/단독기획] VT 피디알엔 리들샷 아이 리프터 15ml 리필기획 (+리필 15ml)
  [리뷰 추가 로드 중단] scroll, 0/10건
  [리뷰 실패] 리뷰 컴포넌트 또는 리뷰 아이템 미확인
[리뷰 진행] 18/63
[리뷰] [수분진정/세럼증정] 닥터지 레드블레미쉬 클리어 수딩크림 EX 70ml기획 (+30ml+세럼10ml*2ea)
  [리뷰 추가 로드 중단] scroll, 0/10건
  [리뷰 실패] 리뷰 컴포넌트 또는 리뷰 아이템 미확인
[리뷰 진행] 19/63
[리뷰] 셀리맥스 더 비타 A 레티날 샷 타이트닝 듀얼 크림 50ml
  [리뷰 추가 로드 중단] scroll, 0/10건
  [리뷰 실패] 리뷰 컴포넌트 또는 리뷰 아이템 미확인
[리뷰 진행] 20/63
[리뷰] [9월 올영픽][누렁이 콜라보] 제로이드 인텐시브 크림 80ml+50ml 기획 (+누렁이 파우치)
  [리뷰 추가 로드 중단] scroll, 0/10건
  [리뷰 실패] 리뷰 컴포넌트 또는 리뷰 아이템 미확인
[리뷰 진행] 21/63
[리뷰] 페이보릿 매끈 크림 50ml
  [리뷰 추가 로드 중단] scroll, 0/10건
  [리뷰 실패] 리뷰 컴포넌트 또는 리뷰 아이템 미확인
[리뷰 진행] 22/63
[리뷰] [카디비PICK|탄력보습] 바이오힐보 프로바이오덤 3D리프팅 크림 50ml [단품/기획]
  [리뷰 추가 로드 중단] scroll, 0/10건
  [리뷰 실패] 리뷰 컴포넌트 또는 리뷰 아이템 미확인
[리뷰 진행] 23/63
[리뷰] [9월올영픽] 바이오더마 시카비오 포마드 100ml 기획(+포마드 5ml+크림 5ml+크림 SPF50 5ml)
  [리뷰 추가 로드 중단] scroll, 0/10건
  [리뷰 실패] 리뷰 컴포넌트 또는 리뷰 아이템 미확인
[리뷰 진행] 24/63
[리뷰] [헬로키티 테리백 증정/리뷰이벤트/산리오] 에스네이처 아쿠아 오아시스 수분 젤크림 90ml 기획 (+헬로키티 러기지택)
  [리뷰 추가 로드 중단] scroll, 0/10건
  [리뷰 실패] 리뷰 컴포넌트 또는 리뷰 아이템 미확인
[리뷰 진행] 25/63
[리뷰] 도미나스 크림 Rx 30ml 대용량 한정기획 (+20ml)
  [리뷰 추가 로드 중단] scroll, 0/10건
  [리뷰 실패] 리뷰 컴포넌트 또는 리뷰 아이템 미확인
[리뷰 진행] 26/63
[리뷰] [흔적,기미,미백/TXA] 셀리맥스 트라넥삼산 잡티 크림 35ml 기획 (+14ml)
  [리뷰 추가 로드 중단] scroll, 0/10건
  [리뷰 실패] 리뷰 컴포넌트 또는 리뷰 아이템 미확인
[리뷰 진행] 27/63
[리뷰] [손상장벽MD] 동국제약 마데카셀 베리어 엠디 크림 70g (의료기기)
  [리뷰 추가 로드 중단] scroll, 0/10건
  [리뷰 실패] 리뷰 컴포넌트 또는 리뷰 아이템 미확인
[리뷰 진행] 28/63
[리뷰] [한정수량] 라로슈포제 시카플라스트 밤 B5+ 200ml기획 (+1.5ml+시카토너50ml+히알루세럼1.5ml)
  [리뷰 추가 로드 중단] scroll, 0/10건
  [리뷰 실패] 리뷰 컴포넌트 또는 리뷰 아이템 미확인
[리뷰 진행] 29/63
[리뷰] [우주먼지 에디션]션리 다시마 글레이즈드 크림 50g 기획 (+우주먼지쇼퍼백+스티커 3ea)
  [리뷰 추가 로드 중단] scroll, 0/10건
  [리뷰 실패] 리뷰 컴포넌트 또는 리뷰 아이템 미확인
[리뷰 진행] 30/63
[리뷰] [한정기획/강력진정크림] 닥터자르트 시카페어 인텐시브 수딩 리페어 크림 50ml 1+1 기획
  [리뷰 추가 로드 중단] scroll, 0/10건
  [리뷰 실패] 리뷰 컴포넌트 또는 리뷰 아이템 미확인
[리뷰 진행] 31/63
[리뷰] [NEW/기프트]랑콤 제니피끄 세럼/레네르지 콜라겐 크림 50ml 선물 기획 2종
  [리뷰 추가 로드 중단] scroll, 0/10건
  [리뷰 실패] 리뷰 컴포넌트 또는 리뷰 아이템 미확인
[리뷰 진행] 32/63
[리뷰] [결/톤/탄력] 케이시크릿 서울 1988 레틴알 흑삼 세럼 30ml
  [리뷰 추가 로드 중단] scroll, 0/10건
  [리뷰 실패] 리뷰 컴포넌트 또는 리뷰 아이템 미확인
[리뷰 진행] 33/63
[리뷰] [NEW 진정세럼] 오브제 아크샷 트러블 진정 세럼 50ml
  [리뷰 추가 로드 중단] scroll, 0/10건
  [리뷰 실패] 리뷰 컴포넌트 또는 리뷰 아이템 미확인
[리뷰 진행] 34/63
[리뷰] [NEW] 온그리디언츠 바쿠글로우 레티날 부스터 샷 0.2퍼센트 30ml
  [리뷰 추가 로드 중단] scroll, 0/10건
  [리뷰 실패] 리뷰 컴포넌트 또는 리뷰 아이템 미확인
[리뷰 진행] 35/63
[리뷰] 아벤느 클리낭스 파워 컨트롤 세럼 30ml
  [리뷰 추가 로드 중단] scroll, 0/10건
  [리뷰 실패] 리뷰 컴포넌트 또는 리뷰 아이템 미확인
[리뷰 진행] 36/63
[리뷰] [우주먼지 에디션]션리 다시마 그리너리 세럼 35ml 기획 (+우주먼지 스마트톡+스티커 3ea)
  [리뷰 추가 로드 중단] scroll, 0/10건
  [리뷰 실패] 리뷰 컴포넌트 또는 리뷰 아이템 미확인
[리뷰 진행] 37/63
[리뷰] [리센느 원이PICK/1+1기획] 바이오던스 포어 퍼펙팅 콜라겐 펩타이드 세럼 30ml 리필 기획
  [리뷰 추가 로드 중단] scroll, 0/10건
  [리뷰 실패] 리뷰 컴포넌트 또는 리뷰 아이템 미확인
[리뷰 진행] 38/63
[리뷰] [9월 올영픽/산리오 콜라보] 구달 청귤 비타C E TXA 세럼 30ml+30ml 리필 기획 (+폼폼푸린 에코백)
  [리뷰 성공] 10건
[리뷰 진행] 39/63
[리뷰] [NEW/수분홀딩] 라운드랩 자작나무 수분 드롭 세럼 50ml 기획 (+크림 20ml)
  [리뷰 성공] 10건
[리뷰 진행] 40/63
[리뷰] [9월올영픽/설윤PICK] 바이오더마 하이드라비오 에센스 로션 200ml 기획 (+펌프용기+파우치) (2609)
  [리뷰 성공] 10건
[리뷰 진행] 41/63
[리뷰] [화잘먹/속건조 수분충전] 디마프 히어로 마이 퍼스트 버블세럼 155ml 기획 (+50ml 구성)
  [리뷰 성공] 10건
[리뷰 진행] 42/63
[리뷰] [9월 올영픽] 유세린 하이알루론 에피셀린 세럼 30ml 기획 (+진정장벽 마스크팩 1매)
  [리뷰 성공] 10건
[리뷰 진행] 43/63
[리뷰] [썸머썸머PICK/9월 올영픽] 유세린 티아미돌 부스터 세럼 30ml 기획 (+광채 세럼 7ml)
  [리뷰 성공] 10건
[리뷰 진행] 44/63
[리뷰] 더마팩토리 나이아신아마이드 20% 세럼 30ml
  [리뷰 성공] 10건
[리뷰 진행] 45/63
[리뷰] [9월 올영픽/산리오캐릭터즈 콜라보] 아누아 피디알엔 히알루론산 캡슐 100 세럼 30ml 더블기획(+시나모롤 파우치)
  [리뷰 성공] 10건
[리뷰 진행] 46/63
[리뷰] [단독기획/모공탄력] 셀리맥스 더 비타 A 레티날 샷 타이트닝 부스터 15ml 기획(+3ml)
  [리뷰 성공] 10건
[리뷰 진행] 47/63
[리뷰] [9월 올영픽] 토리든 다이브인 저분자 히알루론산 세럼 50ml 리필 기획 (+50ml 리필+자석인형) (시나모롤)
  [리뷰 성공] 10건
[리뷰 진행] 48/63
[리뷰] [트러블모공] 디오디너리 나이아신아마이드 10% + 징크 1% 60ml
  [리뷰 성공] 10건
[리뷰 진행] 49/63
[리뷰] [세은 PICK/트러블1등] 셀라딕스 트러블 세범 리밸런싱 131 앰플 30ml
  [리뷰 성공] 10건
[리뷰 진행] 50/63
[리뷰] [9월 올영픽/산리오] 아비브 어성초 테카 캡슐 세럼 카밍 드롭 50ml 더블 기획(+스팟패치+케이스)
  [리뷰 성공] 10건
[리뷰 CSV 중간 저장] Data\reviews_retry3\oliveyoung_63(review)_260916.csv (50개 상품)
[리뷰 진행] 51/63
[리뷰] [헬로키티 테리백 증정/리뷰이벤트/산리오] 에스네이처 아쿠아 스쿠알란 세럼 50ml 리필기획(+리필50ml+파우치)
  [리뷰 성공] 10건
[리뷰 진행] 52/63
[리뷰] [산리오캐릭터즈 에디션] 메디힐 마데카소사이드 더마 세럼 50+50mL(+폼폼푸린 스마트톡)
  [리뷰 성공] 10건
[리뷰 진행] 53/63
[리뷰] [트러블진정세럼] 넘버즈인 1번 판토텐산 액티브업 수딩세럼 50ml 리필기획 (50ml+50ml)
  [리뷰 성공] 10건
[리뷰 진행] 54/63
[리뷰] [1등미백앰플] 메디큐브 PDRN 핑크 펩타이드 앰플 30ml 한정기획 (+리필팩 50ml+앰플 10ml)
  [리뷰 성공] 10건
[리뷰 진행] 55/63
[리뷰] [3일진정세럼]브링그린 징크테카 트러블 세럼 대용량 기획
  [리뷰 성공] 10건
[리뷰 진행] 56/63
[리뷰] [흔적 리페어_c-PDRN 10,000 PPM]리쥬덱스 더마 리페어링 솔루션 앰플 10mLx2EA
  [리뷰 성공] 10건
[리뷰 진행] 57/63
[리뷰] [1+1][손거울 증정] 한율 쑥히알 세럼 40ml 리필 기획 (+40ml 리필+산리오 헬로키티 손거울(랜덤))
  [리뷰 성공] 10건
[리뷰 진행] 58/63
[리뷰] [흔적미백] 넘버즈인 5번 글루타치온C 흔적 앰플 30ml+30ml 듀오기획
  [리뷰 성공] 10건
[리뷰 진행] 59/63
[리뷰] [9월 올영픽/산리오 콜라보] 구달 청귤 비타C 잡티케어 세럼 알파 50+50ml 리필 기획(+폼폼푸린 마그넷 피규어)
  [리뷰 성공] 10건
[리뷰 진행] 60/63
[리뷰] 아이오페 레티놀 레티젝션 세럼 30ml 기획 (+세럼10ml+크림15ml)
  [리뷰 성공] 10건
[리뷰 진행] 61/63
[리뷰] [30ml+30ml / 강력토닝케어] 아렌시아 비타민 C 부스터 샷 30ml 더블기획
  [리뷰 성공] 10건
[리뷰 진행] 62/63
[리뷰] [9월 올영픽] 파티온 노스카나인 트러블 세럼 50ml 리필 기획 (+리필40ml+크림10ml)
  [리뷰 성공] 10건
[리뷰 진행] 63/63
[리뷰] [단독기획] 아누아 TXA 나이아신 흔적 세럼 30ml 2입
  [리뷰 성공] 10건
[리뷰 CSV 저장 완료] Data\reviews_retry3\oliveyoung_63(review)_260916.csv

[건너뜀] --skip-import 옵션으로 DB 적재를 생략합니다.
