======================================================================
기존 상품 CSV로 올리브영 리뷰만 수집 시작
======================================================================
[리뷰 진행] 1/107
[리뷰] [고강도레티날] 닥터디퍼런트 레티날 1500 시그니처 크림 30g
[대기] 올리브영 페이지 확인 중: 리뷰 상품 상세
      브라우저에 접속 확인 화면이 보이면 직접 완료해주세요.
  [리뷰 성공] 10건
[리뷰 진행] 2/107
[리뷰] [장벽바이오크림] 지피덤 셀트리온EGF 스킨베리어 인텐시브 크림 80ml 기획 (+크림15ml+앰플1ml*3ea)
  [리뷰 성공] 10건
[리뷰 진행] 3/107
[리뷰] [눈가&목주름케어] 바이오힐보 3D 리프팅 아이&링클 크림 25ml (더블/트리플)
  [리뷰 성공] 10건
[리뷰 진행] 4/107
[리뷰] [9월 올영픽/모공결데일리앰플] 라로슈포제 에빠끌라 울트라 컨센트레이티드 세럼 30ml (+에빠끌라 폼 50ml)
  [리뷰 성공] 10건
[리뷰 진행] 5/107
[리뷰] [수지세럼] 아누아 피디알엔 히알루론산 캡슐 100 세럼 30mL 기획세트 (+크림 30ml)
  [리뷰 성공] 10건
[리뷰 진행] 6/107
[리뷰] [9월올영픽/산리오콜라보] 메이크프렘 NMN 퍼밍 엑스퍼트 앰플 50ml 기획 (+20ml+카드지갑+스마트톡)
  [리뷰 성공] 10건
[리뷰 진행] 7/107
[리뷰] [화잘먹] 페이보릿 수분조 세럼 30ml
  [리뷰 성공] 10건
[리뷰 진행] 8/107
[리뷰] [9월 올영픽][대용량] 파티온 노스카나인 트러블 크림 75ml 기획(+5ml)
  [리뷰 실패] 리뷰 탭 클릭 실패
[리뷰 진행] 9/107
[리뷰] [손상/장벽 리페어] 아벤느 시칼파트 플러스 SOS 리페어 크림 100ml 기획 (+40ml)
  [리뷰 성공] 10건
[리뷰 진행] 10/107
[리뷰] [1등모공앰플] 성분에디터 그린토마토 NMN 포어 리프팅 앰플 40ml 더블기획
  [리뷰 성공] 10건
[리뷰 진행] 11/107
[리뷰] [9월 올영픽] 유세린 하이알루론 3X 나이트크림 50ml 기획 (+진정장벽 마스크팩 1매+팩 브러쉬)
  [리뷰 성공] 10건
[리뷰 진행] 12/107
[리뷰] [9월 올영픽] 유세린 하이알루론 3X 아이크림 15ml 기획 (+진정장벽 마스크팩 1매+광채 세럼 7ml)
  [리뷰 성공] 10건
[리뷰 진행] 13/107
[리뷰] 에스트라 아토베리어365 하이드로 수딩크림 80ml 기획 (+수딩크림 10ml+클렌징폼 30g)
  [리뷰 성공] 10건
[리뷰 진행] 14/107
[리뷰] [아이돌추천템/수부지크림] 브링그린 티트리 시카 수딩 크림 플러스 100ml (2입/단품)
  [리뷰 성공] 10건
[리뷰 진행] 15/107
[리뷰] 더마팩토리 트라넥삼산 6% 크림 30ml
  [리뷰 성공] 10건
[리뷰 진행] 16/107
[리뷰] [광채/기미] 코페르 큐리페어 멜라크림 21ml 기획(+4ml)
  [리뷰 성공] 10건
[리뷰 진행] 17/107
[리뷰] 에스트라 아토베리어365 하이드로에센스 200ml (+크림 10ml+앰플 10ml)
  [리뷰 성공] 10건
[리뷰 진행] 18/107
[리뷰] 에스트라 아토베리어365 세라-히알 속수분 앰플 30ml+30ml 리필 기획
  [리뷰 성공] 10건
[리뷰 진행] 19/107
[리뷰] [1+1] 이니스프리 레티놀 시카 모공 흔적 앰플 30ml 리필기획(+30ml 리필)
  [리뷰 성공] 10건
[리뷰 진행] 20/107
[리뷰] [자극도ZERO]아이오페 레티놀 슈퍼 바운스 세럼 20ml 기획 (+15ml)
  [리뷰 성공] 10건
[리뷰 진행] 21/107
[리뷰] [나이아신아마이드] 동화약품 비타비 크림 30ml 기획 (+15ml)
  [리뷰 성공] 10건
[리뷰 진행] 22/107
[리뷰] [단독기획] 동아제약 아크네 프로 크림제 30ml 기획(+3ml+겔제3ml)
  [리뷰 성공] 10건
[리뷰 진행] 23/107
[리뷰] [1+1] 한율 쑥히알 크림 60ml 더블 기획(+산리오 헬로키티 헤어고정시트 2ea)
  [리뷰 성공] 10건
[리뷰 진행] 24/107
[리뷰] [NCT 재민PICK] 이즈앤트리 어니언 뉴페어 겔크림 플러스 50ml 기획 (+겔크림 플러스 20ml, 패드 2매)
  [리뷰 성공] 10건
[리뷰 진행] 25/107
[리뷰] [올영단독/속보습케어] 스킨앤랩 베리어덤 링거 앰플70ml(+70ml) 더블기획
  [리뷰 성공] 10건
[리뷰 진행] 26/107
[리뷰] [모공결데일리앰플] 라로슈포제 에빠끌라 울트라 컨센트레이티드 세럼 30ml
  [리뷰 성공] 10건
[리뷰 진행] 27/107
[리뷰] [저자극비타민C세럼] 이니스프리 비타민C 캡슐 세럼 30ml 더블 기획
  [리뷰 성공] 10건
[리뷰 진행] 28/107
[리뷰] [1등모공결세럼] 넘버즈인 3번 보들보들 모공결 세럼 30ml 더블 기획
  [리뷰 성공] 10건
[리뷰 진행] 29/107
[리뷰] [26년신형/올인원 케어] 달바 화이트 트러플 더블 세럼 앤 크림 70g
  [리뷰 추가 로드 중단] scroll, 0/10건
  [리뷰 실패] 리뷰 컴포넌트 또는 리뷰 아이템 미확인
[리뷰 진행] 30/107
[리뷰] [탄력케어] 락토-피디알엔 4% + 비9 아이크림 15ml
  [리뷰 성공] 1건
[리뷰 진행] 31/107
[리뷰] [여배우 물광크림] 메디큐브 PDRN 핑크 콜라겐 캡슐크림 55g 기획 (+4.5g*2ea+앰플 마스크 1ea)
  [리뷰 추가 로드 중단] scroll, 0/10건
  [리뷰 실패] 리뷰 컴포넌트 또는 리뷰 아이템 미확인
[리뷰 진행] 32/107
[리뷰] [단독기획] 동아제약 색소침착 프로 크림제 40ml 기획(+5ml*2)
  [리뷰 추가 로드 중단] scroll, 0/10건
  [리뷰 실패] 리뷰 컴포넌트 또는 리뷰 아이템 미확인
[리뷰 진행] 33/107
[리뷰] AHC 프로 샷 히알루로 딥 볼륨 5 캡슐 인퓨즈드 아이크림 포 페이스 30ml
  [리뷰 추가 로드 중단] scroll, 0/1건
  [리뷰 실패] 리뷰 컴포넌트 또는 리뷰 아이템 미확인
[리뷰 진행] 34/107
[리뷰] VT 피디알엔 캡슐 크림 100 50ml 기획 (+4.5ml*3ea)
  [리뷰 추가 로드 중단] scroll, 0/10건
  [리뷰 실패] 리뷰 컴포넌트 또는 리뷰 아이템 미확인
[리뷰 진행] 35/107
[리뷰] [습윤장벽] 동아제약 딥-베리어 프로 크림제 50ml 기획 (+10ml)
  [리뷰 추가 로드 중단] scroll, 0/10건
  [리뷰 실패] 리뷰 컴포넌트 또는 리뷰 아이템 미확인
[리뷰 진행] 36/107
[리뷰] [9월 올영픽/산리오 콜라보] 구달 청귤 비타C 잡티케어 크림 알파 75ml+75ml 리필 기획(+폼폼푸린 카드케이스)
  [리뷰 추가 로드 중단] scroll, 0/10건
  [리뷰 실패] 리뷰 컴포넌트 또는 리뷰 아이템 미확인
[리뷰 진행] 37/107
[리뷰] [NEW리뷰이벤트/붉은기진정크림] 동국제약 루온셀 듀얼 아쿠아 크림 50ml
  [리뷰 추가 로드 중단] scroll, 0/10건
  [리뷰 실패] 리뷰 컴포넌트 또는 리뷰 아이템 미확인
[리뷰 진행] 38/107
[리뷰] [최초구성/수부지장벽케어] 라운드랩 자작나무 수분 크림 80ml 더블 기획 (+자작 드롭 세럼 20ml)
  [리뷰 추가 로드 중단] scroll, 0/10건
  [리뷰 실패] 리뷰 컴포넌트 또는 리뷰 아이템 미확인
[리뷰 진행] 39/107
[리뷰] [9월올영픽] 바이오더마 시카비오 크림+ 100ml 더블 기획
  [리뷰 추가 로드 중단] scroll, 0/10건
  [리뷰 실패] 리뷰 컴포넌트 또는 리뷰 아이템 미확인
[리뷰 진행] 40/107
[리뷰] [온라인단독/한정수량]라로슈포제 시카플라스트 멀티 리페어 크림 100ml 더블기획 (+15ml+시카에센스 7.5ml)
  [리뷰 추가 로드 중단] scroll, 0/10건
  [리뷰 실패] 리뷰 컴포넌트 또는 리뷰 아이템 미확인
[리뷰 진행] 41/107
[리뷰] [헬로키티 테리백 증정/리뷰이벤트/산리오] 에스네이처 아쿠아 스쿠알란 수분크림 60ml 더블기획 (+헬로키티 키캡키링)
  [리뷰 추가 로드 중단] scroll, 4/10건
  [리뷰 일부 성공] 4/10건
[리뷰 진행] 42/107
[리뷰] [9월 올영픽/산리오캐릭터즈 콜라보] 아누아 피디알엔 히알루론산 100 수분 크림 60ml 더블기획(+시나모롤 집게핀)
  [리뷰 추가 로드 중단] scroll, 0/10건
  [리뷰 실패] 리뷰 컴포넌트 또는 리뷰 아이템 미확인
[리뷰 진행] 43/107
[리뷰] [9월 올영픽/손상장벽집중케어]라로슈포제 시카플라스트밤 B5+ 100ml 기획 (+시카에센스7.5ml+히알루세럼3ml)
  [리뷰 추가 로드 중단] scroll, 0/10건
  [리뷰 실패] 리뷰 컴포넌트 또는 리뷰 아이템 미확인
[리뷰 진행] 44/107
[리뷰] [1등크림] 에스트라 아토베리어365 크림 80ml 기획(+토너25ml+클렌징폼3g*3EA)
  [리뷰 추가 로드 중단] scroll, 0/10건
  [리뷰 실패] 리뷰 컴포넌트 또는 리뷰 아이템 미확인
[리뷰 진행] 45/107
[리뷰] [9월 올영픽/데일리장벽케어] 라로슈포제 시카플라스트 멀티 리페어 크림 100ml 기획 (+시카에센스 7.5ml*2)
  [리뷰 추가 로드 중단] scroll, 0/10건
  [리뷰 실패] 리뷰 컴포넌트 또는 리뷰 아이템 미확인
[리뷰 진행] 46/107
[리뷰] [4배속_응급진정/장벽강화]리쥬덱스 더마 리페어링 크림 20g 단품/기획(+5g*2)
  [리뷰 추가 로드 중단] scroll, 0/10건
  [리뷰 실패] 리뷰 컴포넌트 또는 리뷰 아이템 미확인
[리뷰 진행] 47/107
[리뷰] [장원영PICK] 닥터엘시아 345 릴리프 크림 50ml 기획 (+10ml*2ea+튜브링거)
  [리뷰 추가 로드 중단] scroll, 0/10건
  [리뷰 실패] 리뷰 컴포넌트 또는 리뷰 아이템 미확인
[리뷰 진행] 48/107
[리뷰] [9월 올영픽] 피지오겔 DMT 페이셜 크림 대용량 200ml 기획(+토너50ml+마스크1매)
  [리뷰 추가 로드 중단] scroll, 0/10건
  [리뷰 실패] 리뷰 컴포넌트 또는 리뷰 아이템 미확인
[리뷰 진행] 49/107
[리뷰] [9월 올영픽] 토리든 다이브인 저분자 히알루론산 수딩 크림 100ml 더블 기획 (+메쉬백) (시나모롤)
  [리뷰 추가 로드 중단] scroll, 0/10건
  [리뷰 실패] 리뷰 컴포넌트 또는 리뷰 아이템 미확인
[리뷰 진행] 50/107
[리뷰] [베일리pick/단독기획] VT 피디알엔 리들샷 아이 리프터 15ml 리필기획 (+리필 15ml)
  [리뷰 추가 로드 중단] scroll, 0/10건
  [리뷰 실패] 리뷰 컴포넌트 또는 리뷰 아이템 미확인
[리뷰 CSV 중간 저장] Data\reviews_5day\oliveyoung_merged(review)_260915.csv (50개 상품)
[리뷰 진행] 51/107
[리뷰] [수분진정/세럼증정] 닥터지 레드블레미쉬 클리어 수딩크림 EX 70ml기획 (+30ml+세럼10ml*2ea)
  [리뷰 추가 로드 중단] scroll, 0/10건
  [리뷰 실패] 리뷰 컴포넌트 또는 리뷰 아이템 미확인
[리뷰 진행] 52/107
[리뷰] 셀리맥스 더 비타 A 레티날 샷 타이트닝 듀얼 크림 50ml
  [리뷰 추가 로드 중단] scroll, 0/10건
  [리뷰 실패] 리뷰 컴포넌트 또는 리뷰 아이템 미확인
[리뷰 진행] 53/107
[리뷰] [9월 올영픽][누렁이 콜라보] 제로이드 인텐시브 크림 80ml+50ml 기획 (+누렁이 파우치)
  [리뷰 추가 로드 중단] scroll, 0/10건
  [리뷰 실패] 리뷰 컴포넌트 또는 리뷰 아이템 미확인
[리뷰 진행] 54/107
[리뷰] [1+1/초고보습 장벽크림] 레이어랩 판테놀 인텐시브 크림 플러스 60ml 더블 기획
  [리뷰 추가 로드 중단] scroll, 6/10건
  [리뷰 일부 성공] 6/10건
[리뷰 진행] 55/107
[리뷰] 페이보릿 매끈 크림 50ml
  [리뷰 추가 로드 중단] scroll, 0/10건
  [리뷰 실패] 리뷰 컴포넌트 또는 리뷰 아이템 미확인
[리뷰 진행] 56/107
[리뷰] [카디비PICK|탄력보습] 바이오힐보 프로바이오덤 3D리프팅 크림 50ml [단품/기획]
  [리뷰 추가 로드 중단] scroll, 0/10건
  [리뷰 실패] 리뷰 컴포넌트 또는 리뷰 아이템 미확인
[리뷰 진행] 57/107
[리뷰] [9월올영픽] 바이오더마 시카비오 포마드 100ml 기획(+포마드 5ml+크림 5ml+크림 SPF50 5ml)
  [리뷰 추가 로드 중단] scroll, 0/10건
  [리뷰 실패] 리뷰 컴포넌트 또는 리뷰 아이템 미확인
[리뷰 진행] 58/107
[리뷰] [헬로키티 테리백 증정/리뷰이벤트/산리오] 에스네이처 아쿠아 오아시스 수분 젤크림 90ml 기획 (+헬로키티 러기지택)
  [리뷰 추가 로드 중단] scroll, 0/10건
  [리뷰 실패] 리뷰 컴포넌트 또는 리뷰 아이템 미확인
[리뷰 진행] 59/107
[리뷰] 도미나스 크림 Rx 30ml 대용량 한정기획 (+20ml)
  [리뷰 추가 로드 중단] scroll, 0/10건
  [리뷰 실패] 리뷰 컴포넌트 또는 리뷰 아이템 미확인
[리뷰 진행] 60/107
[리뷰] [흔적,기미,미백/TXA] 셀리맥스 트라넥삼산 잡티 크림 35ml 기획 (+14ml)
  [리뷰 추가 로드 중단] scroll, 0/10건
  [리뷰 실패] 리뷰 컴포넌트 또는 리뷰 아이템 미확인
[리뷰 진행] 61/107
[리뷰] [손상장벽MD] 동국제약 마데카셀 베리어 엠디 크림 70g (의료기기)
  [리뷰 추가 로드 중단] scroll, 0/10건
  [리뷰 실패] 리뷰 컴포넌트 또는 리뷰 아이템 미확인
[리뷰 진행] 62/107
[리뷰] [한정수량] 라로슈포제 시카플라스트 밤 B5+ 200ml기획 (+1.5ml+시카토너50ml+히알루세럼1.5ml)
  [리뷰 추가 로드 중단] scroll, 0/10건
  [리뷰 실패] 리뷰 컴포넌트 또는 리뷰 아이템 미확인
[리뷰 진행] 63/107
[리뷰] [우주먼지 에디션]션리 다시마 글레이즈드 크림 50g 기획 (+우주먼지쇼퍼백+스티커 3ea)
  [리뷰 추가 로드 중단] scroll, 0/10건
  [리뷰 실패] 리뷰 컴포넌트 또는 리뷰 아이템 미확인
[리뷰 진행] 64/107
[리뷰] [한정기획/강력진정크림] 닥터자르트 시카페어 인텐시브 수딩 리페어 크림 50ml 1+1 기획
  [리뷰 추가 로드 중단] scroll, 0/10건
  [리뷰 실패] 리뷰 컴포넌트 또는 리뷰 아이템 미확인
[리뷰 진행] 65/107
[리뷰] [NEW/기프트]랑콤 제니피끄 세럼/레네르지 콜라겐 크림 50ml 선물 기획 2종
  [리뷰 추가 로드 중단] scroll, 0/10건
  [리뷰 실패] 리뷰 컴포넌트 또는 리뷰 아이템 미확인
[리뷰 진행] 66/107
[리뷰] [결/톤/탄력] 케이시크릿 서울 1988 레틴알 흑삼 세럼 30ml
  [리뷰 추가 로드 중단] scroll, 0/10건
  [리뷰 실패] 리뷰 컴포넌트 또는 리뷰 아이템 미확인
[리뷰 진행] 67/107
[리뷰] [NEW 진정세럼] 오브제 아크샷 트러블 진정 세럼 50ml
  [리뷰 추가 로드 중단] scroll, 0/10건
  [리뷰 실패] 리뷰 컴포넌트 또는 리뷰 아이템 미확인
[리뷰 진행] 68/107
[리뷰] [10초물광버블] 메디큐브 PDRN 핑크 콜라겐 버블 세럼 95ml 기획 (+젤리브러쉬)
  [리뷰 성공] 10건
[리뷰 진행] 69/107
[리뷰] [NEW] 온그리디언츠 바쿠글로우 레티날 부스터 샷 0.2퍼센트 30ml
  [리뷰 추가 로드 중단] scroll, 0/10건
  [리뷰 실패] 리뷰 컴포넌트 또는 리뷰 아이템 미확인
[리뷰 진행] 70/107
[리뷰] 아벤느 클리낭스 파워 컨트롤 세럼 30ml
  [리뷰 추가 로드 중단] scroll, 0/10건
  [리뷰 실패] 리뷰 컴포넌트 또는 리뷰 아이템 미확인
[리뷰 진행] 71/107
[리뷰] [우주먼지 에디션]션리 다시마 그리너리 세럼 35ml 기획 (+우주먼지 스마트톡+스티커 3ea)
  [리뷰 추가 로드 중단] scroll, 0/10건
  [리뷰 실패] 리뷰 컴포넌트 또는 리뷰 아이템 미확인
[리뷰 진행] 72/107
[리뷰] 토니모리 세라마이드 하이드레이팅 버블 세럼 100ml
  [리뷰 성공] 10건
[리뷰 진행] 73/107
[리뷰] [리센느 원이PICK/1+1기획] 바이오던스 포어 퍼펙팅 콜라겐 펩타이드 세럼 30ml 리필 기획
  [리뷰 추가 로드 중단] scroll, 0/10건
  [리뷰 실패] 리뷰 컴포넌트 또는 리뷰 아이템 미확인
[리뷰 진행] 74/107
[리뷰] 닥터엘시아 345 릴리프 스팟 파우더 15ml
  [리뷰 추가 로드 중단] scroll, 0/10건
  [리뷰 실패] 리뷰 컴포넌트 또는 리뷰 아이템 미확인
[리뷰 진행] 75/107
[리뷰] [9월 올영픽/산리오 콜라보] 구달 청귤 비타C E TXA 세럼 30ml+30ml 리필 기획 (+폼폼푸린 에코백)
  [리뷰 추가 로드 중단] scroll, 0/10건
  [리뷰 실패] 리뷰 컴포넌트 또는 리뷰 아이템 미확인
[리뷰 진행] 76/107
[리뷰] [9월올영픽/잠티PICK] 피지오겔 데일리뮨 앰플 20ml+20ml 기획(+마스크1매)
  [리뷰 성공] 10건
[리뷰 진행] 77/107
[리뷰] [NEW리뷰이벤트/탄력캡슐세럼] 동국제약 루온셀 PDRN 세럼 25ml
  [리뷰 성공] 10건
[리뷰 진행] 78/107
[리뷰] [NEW/수분홀딩] 라운드랩 자작나무 수분 드롭 세럼 50ml 기획 (+크림 20ml)
  [리뷰 추가 로드 중단] scroll, 0/10건
  [리뷰 실패] 리뷰 컴포넌트 또는 리뷰 아이템 미확인
[리뷰 진행] 79/107
[리뷰] [9월올영픽/설윤PICK] 바이오더마 하이드라비오 에센스 로션 200ml 기획 (+펌프용기+파우치) (2609)
  [리뷰 추가 로드 중단] scroll, 0/10건
  [리뷰 실패] 리뷰 컴포넌트 또는 리뷰 아이템 미확인
[리뷰 진행] 80/107
[리뷰] [원현주PICK/신규기획] 믹순 콩 에센스 50ml 기획 (+콩 에센스 1.5ml*6ea + 콩 크림 15ml)
  [리뷰 추가 로드 중단] scroll, 0/10건
  [리뷰 실패] 리뷰 컴포넌트 또는 리뷰 아이템 미확인
[리뷰 진행] 81/107
[리뷰] [화잘먹/속건조 수분충전] 디마프 히어로 마이 퍼스트 버블세럼 155ml 기획 (+50ml 구성)
  [리뷰 추가 로드 중단] scroll, 0/10건
  [리뷰 실패] 리뷰 컴포넌트 또는 리뷰 아이템 미확인
[리뷰 진행] 82/107
[리뷰] [9월 올영픽] 유세린 하이알루론 에피셀린 세럼 30ml 기획 (+진정장벽 마스크팩 1매)
  [리뷰 추가 로드 중단] scroll, 0/10건
  [리뷰 실패] 리뷰 컴포넌트 또는 리뷰 아이템 미확인
[리뷰 진행] 83/107
[리뷰] [썸머썸머PICK/9월 올영픽] 유세린 티아미돌 부스터 세럼 30ml 기획 (+광채 세럼 7ml)
  [리뷰 추가 로드 중단] scroll, 0/10건
  [리뷰 실패] 리뷰 컴포넌트 또는 리뷰 아이템 미확인
[리뷰 진행] 84/107
[리뷰] 더마팩토리 나이아신아마이드 20% 세럼 30ml
  [리뷰 추가 로드 중단] scroll, 0/10건
  [리뷰 실패] 리뷰 컴포넌트 또는 리뷰 아이템 미확인
[리뷰 진행] 85/107
[리뷰] [9월 올영픽/산리오캐릭터즈 콜라보] 아누아 피디알엔 히알루론산 캡슐 100 세럼 30ml 더블기획(+시나모롤 파우치)
  [리뷰 추가 로드 중단] scroll, 0/10건
  [리뷰 실패] 리뷰 컴포넌트 또는 리뷰 아이템 미확인
[리뷰 진행] 86/107
[리뷰] [단독기획/모공탄력] 셀리맥스 더 비타 A 레티날 샷 타이트닝 부스터 15ml 기획(+3ml)
  [리뷰 추가 로드 중단] scroll, 0/10건
  [리뷰 실패] 리뷰 컴포넌트 또는 리뷰 아이템 미확인
[리뷰 진행] 87/107
[리뷰] [9월 올영픽] 토리든 다이브인 저분자 히알루론산 세럼 50ml 리필 기획 (+50ml 리필+자석인형) (시나모롤)
  [리뷰 추가 로드 중단] scroll, 0/10건
  [리뷰 실패] 리뷰 컴포넌트 또는 리뷰 아이템 미확인
[리뷰 진행] 88/107
[리뷰] [9월 올영픽/산리오캐릭터즈 콜라보] 아누아 어성초 77 B3 징크 트러블 세럼 30ml 리필 기획 (+포차코 파우치)
  [리뷰 추가 로드 중단] scroll, 0/10건
  [리뷰 실패] 리뷰 컴포넌트 또는 리뷰 아이템 미확인
[리뷰 진행] 89/107
[리뷰] [속건조필수템] 웰라쥬 리얼 히알루로닉 블루 100 앰플 100ml 기획 (+60ml 리필+수딩크림 30ml)
  [리뷰 성공] 10건
[리뷰 진행] 90/107
[리뷰] [24시간파우더] 넘버즈인 1번 판토텐산 스킨케어100 블러파우더 기획 (+퍼프 1개)
  [리뷰 성공] 10건
[리뷰 진행] 91/107
[리뷰] [트러블모공] 디오디너리 나이아신아마이드 10% + 징크 1% 60ml
  [리뷰 추가 로드 중단] scroll, 0/10건
  [리뷰 실패] 리뷰 컴포넌트 또는 리뷰 아이템 미확인
[리뷰 진행] 92/107
[리뷰] [세은 PICK/트러블1등] 셀라딕스 트러블 세범 리밸런싱 131 앰플 30ml
  [리뷰 추가 로드 중단] scroll, 0/10건
  [리뷰 실패] 리뷰 컴포넌트 또는 리뷰 아이템 미확인
[리뷰 진행] 93/107
[리뷰] [9월 올영픽/산리오] 아비브 어성초 테카 캡슐 세럼 카밍 드롭 50ml 더블 기획(+스팟패치+케이스)
  [리뷰 추가 로드 중단] scroll, 0/10건
  [리뷰 실패] 리뷰 컴포넌트 또는 리뷰 아이템 미확인
[리뷰 진행] 94/107
[리뷰] [헬로키티 테리백 증정/리뷰이벤트/산리오] 에스네이처 아쿠아 스쿠알란 세럼 50ml 리필기획(+리필50ml+파우치)
  [리뷰 추가 로드 중단] scroll, 0/10건
  [리뷰 실패] 리뷰 컴포넌트 또는 리뷰 아이템 미확인
[리뷰 진행] 95/107
[리뷰] [산리오캐릭터즈 에디션] 메디힐 마데카소사이드 더마 세럼 50+50mL(+폼폼푸린 스마트톡)
  [리뷰 추가 로드 중단] scroll, 0/10건
  [리뷰 실패] 리뷰 컴포넌트 또는 리뷰 아이템 미확인
[리뷰 진행] 96/107
[리뷰] [트러블진정세럼] 넘버즈인 1번 판토텐산 액티브업 수딩세럼 50ml 리필기획 (50ml+50ml)
  [리뷰 추가 로드 중단] scroll, 0/10건
  [리뷰 실패] 리뷰 컴포넌트 또는 리뷰 아이템 미확인
[리뷰 진행] 97/107
[리뷰] [1등미백앰플] 메디큐브 PDRN 핑크 펩타이드 앰플 30ml 한정기획 (+리필팩 50ml+앰플 10ml)
  [리뷰 추가 로드 중단] scroll, 0/10건
  [리뷰 실패] 리뷰 컴포넌트 또는 리뷰 아이템 미확인
[리뷰 진행] 98/107
[리뷰] [기미잡티/대용량] 센텔리안24 엑스퍼트 마데카 멜라 캡처 앰플 맥스 30ml 더블 기획
  [리뷰 추가 로드 중단] scroll, 9/10건
  [리뷰 일부 성공] 9/10건
[리뷰 진행] 99/107
[리뷰] [3일진정세럼]브링그린 징크테카 트러블 세럼 대용량 기획
  [리뷰 추가 로드 중단] scroll, 0/10건
  [리뷰 실패] 리뷰 컴포넌트 또는 리뷰 아이템 미확인
[리뷰 진행] 100/107
[리뷰] [흔적 리페어_c-PDRN 10,000 PPM]리쥬덱스 더마 리페어링 솔루션 앰플 10mLx2EA
  [리뷰 추가 로드 중단] scroll, 0/10건
  [리뷰 실패] 리뷰 컴포넌트 또는 리뷰 아이템 미확인
[리뷰 CSV 중간 저장] Data\reviews_5day\oliveyoung_merged(review)_260915.csv (100개 상품)
[리뷰 진행] 101/107
[리뷰] [1+1][손거울 증정] 한율 쑥히알 세럼 40ml 리필 기획 (+40ml 리필+산리오 헬로키티 손거울(랜덤))
  [리뷰 추가 로드 중단] scroll, 0/10건
  [리뷰 실패] 리뷰 컴포넌트 또는 리뷰 아이템 미확인
[리뷰 진행] 102/107
[리뷰] [흔적미백] 넘버즈인 5번 글루타치온C 흔적 앰플 30ml+30ml 듀오기획
  [리뷰 추가 로드 중단] scroll, 0/10건
  [리뷰 실패] 리뷰 컴포넌트 또는 리뷰 아이템 미확인
[리뷰 진행] 103/107
[리뷰] [9월 올영픽/산리오 콜라보] 구달 청귤 비타C 잡티케어 세럼 알파 50+50ml 리필 기획(+폼폼푸린 마그넷 피규어)
  [리뷰 추가 로드 중단] scroll, 0/10건
  [리뷰 실패] 리뷰 컴포넌트 또는 리뷰 아이템 미확인
[리뷰 진행] 104/107
[리뷰] 아이오페 레티놀 레티젝션 세럼 30ml 기획 (+세럼10ml+크림15ml)
  [리뷰 추가 로드 중단] scroll, 0/10건
  [리뷰 실패] 리뷰 컴포넌트 또는 리뷰 아이템 미확인
[리뷰 진행] 105/107
[리뷰] [30ml+30ml / 강력토닝케어] 아렌시아 비타민 C 부스터 샷 30ml 더블기획
  [리뷰 추가 로드 중단] scroll, 0/10건
  [리뷰 실패] 리뷰 컴포넌트 또는 리뷰 아이템 미확인
[리뷰 진행] 106/107
[리뷰] [9월 올영픽] 파티온 노스카나인 트러블 세럼 50ml 리필 기획 (+리필40ml+크림10ml)
  [리뷰 추가 로드 중단] scroll, 0/10건
  [리뷰 실패] 리뷰 컴포넌트 또는 리뷰 아이템 미확인
[리뷰 진행] 107/107
[리뷰] [단독기획] 아누아 TXA 나이아신 흔적 세럼 30ml 2입
  [리뷰 추가 로드 중단] scroll, 0/10건
  [리뷰 실패] 리뷰 컴포넌트 또는 리뷰 아이템 미확인
[리뷰 CSV 저장 완료] Data\reviews_5day\oliveyoung_merged(review)_260915.csv

[건너뜀] --skip-import 옵션으로 DB 적재를 생략합니다.
