======================================================================
[판매순] 올리브영 상품 수집 시작
======================================================================
============================================================
0단계: 올리브영 카테고리 자동 선택
대카테고리: 스킨케어
중카테고리: 에센스/세럼/앰플
============================================================
[완료] 카테고리 클릭: 스킨케어 > 에센스/세럼/앰플
[현재 URL] https://www.oliveyoung.co.kr/store/display/getMCategoryList.do?dispCatNo=100000100010014&gateCd=Drawer&trackingCd=Cat100000100010014_MID&trackingCd=Cat100000100010014_MID&t_page=%EB%93%9C%EB%A1%9C%EC%9A%B0_%EC%B9%B4%ED%85%8C%EA%B3%A0%EB%A6%AC&t_click=%EC%B9%B4%ED%85%8C%EA%B3%A0%EB%A6%AC%ED%83%AD_%EC%A4%91%EC%B9%B4%ED%85%8C%EA%B3%A0%EB%A6%AC&t_1st_category_type=%EB%8C%80_%EC%8A%A4%ED%82%A8%EC%BC%80%EC%96%B4&t_2nd_category_type=%EC%A4%91_%EC%97%90%EC%84%BC%EC%8A%A4%2F%EC%84%B8%EB%9F%BC%2F%EC%95%B0%ED%94%8C
[카테고리 번호] 100000100010014
============================================================
▶ [판매순] 상품 수집 시작
============================================================
[목록] 1페이지 수집 중...
  목록 상품 수: 24
[목록] 2페이지 수집 중...
  목록 상품 수: 21
============================================================
▶ [판매순] 상품 상세정보 수집 시작
============================================================
[상세] 1/30 [9월 올영픽/산리오캐릭터즈 콜라보] 아누아 피디알엔 히알루론산 캡슐 100 세럼 30ml 더블기획(+시나모롤 파우치)
  [상세 성공] 평점:4.8 리뷰:23,731 용량:[본품] 30ml 2입 + [GWP] 시나모롤 파우치 성분:457자
[상세] 2/30 더마팩토리 나이아신아마이드 20% 세럼 30ml
  [상세 성공] 평점:4.8 리뷰:18,293 용량:30ml 성분:106자
[상세] 3/30 [9월 올영픽] 토리든 다이브인 저분자 히알루론산 세럼 50ml 리필 기획 (+50ml 리필+자석인형) (시나모롤)
  [상세 성공] 평점:4.9 리뷰:3,607 용량:50 ml / 1.69 fl. oz. 성분:373자
[상세] 4/30 [수지세럼] 아누아 피디알엔 히알루론산 캡슐 100 세럼 30mL 기획세트 (+크림 30ml)
  [상세 성공] 평점:4.8 리뷰:17,714 용량:세럼 30mL+크림 30mL 성분:478자
[상세] 5/30 [산리오 특가/리뷰이벤트/헬로키티] 에스네이처 아쿠아 스쿠알란 세럼 50ml 리필기획(+리필50ml+헬로키티 파우치)
  [상세 성공] 평점:4.8 리뷰:16,416 용량:세럼 50ml + 세럼 50ml 리필팩 + 헬로키티 파우치 성분:316자
[상세] 6/30 [9월 올영픽/산리오 콜라보] 구달 청귤 비타C 잡티케어 세럼 알파 50+50ml 리필 기획(+폼폼푸린 마그넷 피규어)
  [상세 성공] 평점:4.9 리뷰:4,670 용량:50ml+50ml 성분:559자
[상세] 7/30 [1등모공앰플] 성분에디터 그린토마토 NMN 포어 리프팅 앰플 40ml 더블기획
  [상세 성공] 평점:4.7 리뷰:3,612 용량:40ml*2 성분:892자
[상세] 8/30 [24시간파우더] 넘버즈인 1번 판토텐산 스킨케어100 블러파우더 기획 (+퍼프 1개)
  [상세 성공] 평점:4.8 리뷰:20,593 용량:7g+퍼프 1개 성분:220자
[상세] 9/30 [속건조필수템] 웰라쥬 리얼 히알루로닉 블루 100 앰플 100ml 기획 (+60ml 리필+수딩크림 30ml)
  [상세 성공] 평점:4.8 리뷰:22,474 용량:앰플: 100ml+60ml, 수딩크림: 30ml 성분:867자
[상세] 10/30 [단독기획/모공탄력] 셀리맥스 더 비타 A 레티날 샷 타이트닝 부스터 15ml 기획(+3ml)
  [상세 성공] 평점:4.8 리뷰:3,990 용량:15ml + 3ml 성분:345자
[상세] 11/30 [1+1][손거울 증정] 한율 쑥히알 세럼 40ml 리필 기획 (+40ml 리필+산리오 헬로키티 손거울(랜덤))
  [상세 성공] 평점:4.8 리뷰:5,907 용량:40ml+40ml+헬로키티 손거울1EA(랜덤) 성분:405자
[상세] 12/30 [1등미백앰플] 메디큐브 PDRN 핑크 펩타이드 앰플 30ml 한정기획 (+리필팩 50ml+앰플 10ml)
  [상세 성공] 평점:4.8 리뷰:15,702 용량:본품 30ml +리필팩 50ml+앰플 미니어처 10ml 성분:423자
[상세] 13/30 [단독기획] 아누아 TXA 나이아신 흔적 세럼 30ml 2입
  [상세 성공] 평점:4.8 리뷰:6,329 용량:30mL x 2EA 성분:567자
[GPT OCR 실패] main_ingredients를 비워두고 계속합니다: Error code: 400 - {'error': {'message': 'Failed to download file. File downloaded contains no data. There may have been 
[상세] 14/30 [산리오캐릭터즈 에디션] 메디힐 마데카소사이드 더마 세럼 50+50mL(+폼폼푸린 스마트톡)
  [상세 성공] 평점:4.9 리뷰:4,655 용량:50ml + 50ml 성분:438자
[상세] 15/30 [트러블모공] 디오디너리 나이아신아마이드 10% + 징크 1% 60ml
  [상세 성공] 평점:4.7 리뷰:13,833 용량:60ml 성분:107자
[상세] 16/30 [9월 올영픽/산리오] 아비브 어성초 테카 캡슐 세럼 카밍 드롭 50ml 더블 기획(+스팟패치+케이스)
  [상세 성공] 평점:4.7 리뷰:16,330 용량:50ml + 50ml 성분:527자
[상세] 17/30 [9월올영픽/산리오콜라보] 메이크프렘 NMN 퍼밍 엑스퍼트 앰플 50ml 기획 (+20ml+카드지갑+스마트톡)
  [상세 성공] 평점:4.9 리뷰:3,527 용량:50ml+20ml 성분:633자
[상세] 18/30 [화잘먹] 페이보릿 수분조 세럼 30ml
  [상세 성공] 평점:5 리뷰:427 용량:30ml 1.0 fl. oz. 성분:484자
[상세] 19/30 에스트라 아토베리어365 하이드로에센스 200ml (+크림 10ml+앰플 10ml)
  [상세 성공] 평점:4.9 리뷰:14,550 용량:200ML 성분:406자
[상세] 20/30 [저자극비타민C세럼] 이니스프리 비타민C 캡슐 세럼 30ml 더블 기획
  [상세 성공] 평점:4.8 리뷰:16,918 용량:30ml+30ml 성분:405자
[상세] 21/30 [1등모공결세럼] 넘버즈인 3번 보들보들 모공결 세럼 30ml 더블 기획
  [상세 성공] 평점:4.8 리뷰:7,805 용량:30ml *2 성분:337자
[상세] 22/30 [9월 올영픽] 파티온 노스카나인 트러블 세럼 50ml 리필 기획 (+리필40ml+크림10ml)
  [상세 성공] 평점:4.9 리뷰:80,045 용량:[본품]트러블 세럼 50ml+[증정품]트러블 세럼 리필40ml+트러블 크림10ml 성분:973자
[상세] 23/30 [9월올영픽/설윤PICK] 바이오더마 하이드라비오 에센스 로션 200ml 기획 (+펌프용기+파우치) (2609)
  [상세 성공] 평점:4.8 리뷰:17,239 용량:200ml 성분:195자
[상세] 24/30 [1+1] 이니스프리 레티놀 시카 모공 흔적 앰플 30ml 리필기획(+30ml 리필)
  [상세 성공] 평점:4.9 리뷰:4,093 용량:30ml+리필 30ml 성분:442자
[상세] 25/30 [3일진정세럼]브링그린 징크테카 트러블 세럼 대용량 기획
  [상세 성공] 평점:4.7 리뷰:24,334 용량:■ 징크테카 세럼 50mL + 25mL리필*2EA / 50mL + 25mL리필 / 25ml+25mL리필 / 25ml 단품 성분:354자
[상세] 26/30 [세은 PICK/트러블1등] 셀라딕스 트러블 세범 리밸런싱 131 앰플 30ml
  [상세 성공] 평점:4.7 리뷰:5,871 용량:30ml 성분:332자
[상세] 27/30 [리센느 원이PICK/1+1기획] 바이오던스 포어 퍼펙팅 콜라겐 펩타이드 세럼 30ml 리필 기획
  [상세 성공] 평점:4.9 리뷰:3,355 용량:본품 30ml + 리필팩 30ml 성분:675자
[상세] 28/30 [산리오캐릭터즈 에디션] 메디힐 PDRN 더마 세럼 50+50mL (+헬로키티 스마트톡)
  [상세 성공] 평점:4.9 리뷰:209 용량:50ml + 50ml 성분:459자
[상세] 29/30 [트러블진정세럼] 넘버즈인 1번 판토텐산 액티브업 수딩세럼 50ml 리필기획 (50ml+50ml)
  [상세 성공] 평점:4.8 리뷰:18,306 용량:50ml*2 성분:535자
[상세] 30/30 에스트라 아토베리어365 세라-히알 속수분 앰플 30ml+30ml 리필 기획
  [상세 성공] 평점:4.8 리뷰:7,677 용량:30ml (+리필 30ml) 성분:424자
[상품 CSV 저장 완료] Data\2026-09-11_essence\oliveyoung_판매순(info)_260911.csv
모든 정렬순서 상품 수집 완료!

[판매순] 상품 CSV: Data\2026-09-11_essence\oliveyoung_판매순(info)_260911.csv
[판매순] --skip-reviews 옵션으로 리뷰 수집을 생략합니다.
======================================================================
[신상품순] 올리브영 상품 수집 시작
======================================================================
============================================================
0단계: 올리브영 카테고리 자동 선택
대카테고리: 스킨케어
중카테고리: 에센스/세럼/앰플
============================================================
[대기] 올리브영 페이지 확인 중: 카테고리 페이지
      브라우저에 접속 확인 화면이 보이면 직접 완료해주세요.
[완료] 카테고리 클릭: 스킨케어 > 에센스/세럼/앰플
[현재 URL] https://www.oliveyoung.co.kr/store/display/getMCategoryList.do?dispCatNo=100000100010014&gateCd=Drawer&trackingCd=Cat100000100010014_MID&trackingCd=Cat100000100010014_MID&t_page=%EB%93%9C%EB%A1%9C%EC%9A%B0_%EC%B9%B4%ED%85%8C%EA%B3%A0%EB%A6%AC&t_click=%EC%B9%B4%ED%85%8C%EA%B3%A0%EB%A6%AC%ED%83%AD_%EC%A4%91%EC%B9%B4%ED%85%8C%EA%B3%A0%EB%A6%AC&t_1st_category_type=%EB%8C%80_%EC%8A%A4%ED%82%A8%EC%BC%80%EC%96%B4&t_2nd_category_type=%EC%A4%91_%EC%97%90%EC%84%BC%EC%8A%A4%2F%EC%84%B8%EB%9F%BC%2F%EC%95%B0%ED%94%8C
[카테고리 번호] 100000100010014
============================================================
▶ [신상품순] 상품 수집 시작
============================================================
[목록] 1페이지 수집 중...
  목록 상품 수: 24
[목록] 2페이지 수집 중...
  목록 상품 수: 23
============================================================
▶ [신상품순] 상품 상세정보 수집 시작
============================================================