======================================================================
[판매순] 올리브영 상품 수집 시작
======================================================================
============================================================
0단계: 올리브영 카테고리 자동 선택
대카테고리: 스킨케어
중카테고리: 크림
============================================================
[완료] 카테고리 클릭: 스킨케어 > 크림
[현재 URL] https://www.oliveyoung.co.kr/store/display/getMCategoryList.do?dispCatNo=100000100010015&gateCd=Drawer&trackingCd=Cat100000100010015_MID&trackingCd=Cat100000100010015_MID&t_page=%EB%93%9C%EB%A1%9C%EC%9A%B0_%EC%B9%B4%ED%85%8C%EA%B3%A0%EB%A6%AC&t_click=%EC%B9%B4%ED%85%8C%EA%B3%A0%EB%A6%AC%ED%83%AD_%EC%A4%91%EC%B9%B4%ED%85%8C%EA%B3%A0%EB%A6%AC&t_1st_category_type=%EB%8C%80_%EC%8A%A4%ED%82%A8%EC%BC%80%EC%96%B4&t_2nd_category_type=%EC%A4%91_%ED%81%AC%EB%A6%BC
[카테고리 번호] 100000100010015
============================================================
▶ [판매순] 상품 수집 시작
============================================================
[목록] 1페이지 수집 중...
  목록 상품 수: 24
[목록] 2페이지 수집 중...
  목록 상품 수: 23
============================================================
▶ [판매순] 상품 상세정보 수집 시작
============================================================
[상세] 1/30 [산리오 특가/리뷰이벤트/헬로키티] 에스네이처 아쿠아 스쿠알란 수분크림 60ml 더블기획 (+헬로키티 키캡키링)
  [상세 성공] 평점:4.8 리뷰:38,214 용량:60ml*2개입 + 헬로키티 키캡 키링 성분:337자
[상세] 2/30 [1등크림] 에스트라 아토베리어365 크림 80ml 기획(+토너25ml+클렌징폼3g*3EA)
  [상세 성공] 평점:4.9 리뷰:39,889 용량:80ML (내장 증정: 토너 25ml + 클렌징폼 3g*3) 성분:456자
[상세] 3/30 [장벽바이오크림] 지피덤 셀트리온EGF 스킨베리어 인텐시브 크림 80ml 기획 (+크림15ml+앰플1ml*3ea)
  [상세 성공] 평점:5 리뷰:3,781 용량:[본품] 80ml / [증정] 크림15ml, 앰플 1ml*3ea 성분:1337자
[상세] 4/30 [9월 올영픽/손상장벽집중케어]라로슈포제 시카플라스트밤 B5+ 100ml 기획 (+시카에센스7.5ml+히알루세럼3ml)
  [상세 성공] 평점:4.8 리뷰:34,759 용량:시카플라스트 밤 B5+ 100ml (+시카에센스 7.5ml+히알루세럼 3ml) 성분:1077자
[상세] 5/30 [흔적,기미,미백/TXA] 셀리맥스 트라넥삼산 잡티 크림 35ml 기획 (+14ml)
  [상세 성공] 평점:4.8 리뷰:2,503 용량:35ml+7ml+7ml 성분:485자
[상세] 6/30 [9월 올영픽] 토리든 다이브인 저분자 히알루론산 수딩 크림 100ml 더블 기획 (+메쉬백) (시나모롤)
  [상세 성공] 평점:4.9 리뷰:3,564 용량:100 ml / 3.38 fl. oz. 성분:477자
[상세] 7/30 [9월 올영픽][누렁이 콜라보] 제로이드 인텐시브 크림 80ml+50ml 기획 (+누렁이 파우치)
  [상세 성공] 평점:4.8 리뷰:12,962 용량:80ml + 50ml 성분:267자
[상세] 8/30 [나이아신아마이드] 동화약품 비타비 크림 30ml 기획 (+15ml)
  [상세 성공] 평점:5 리뷰:2,501 용량:30ml/ 1.01 fl. oz. + (추가구성) 15ml/ 0.50 fl. oz. 성분:431자
[상세] 9/30 [수분진정/세럼증정] 닥터지 레드블레미쉬 클리어 수딩크림 EX 70ml기획 (+30ml+세럼10ml*2ea)
  [상세 성공] 평점:4.9 리뷰:4,322 용량:크림70ml(jar)+크림30ml(tube)+세럼10ml*2(20ml) 성분:1019자
[상세] 10/30 셀리맥스 더 비타 A 레티날 샷 타이트닝 듀얼 크림 50ml
  [상세 성공] 평점:4.8 리뷰:220 용량:50ml 성분:484자
[상세] 11/30 [9/11 하루특가][대용량] 파티온 노스카나인 트러블 크림 75ml 기획(+5ml)
  [상세 성공] 평점:4.7 리뷰:49 용량:[본품]트러블 크림 75ml+[증정품] 트러블크림 5ml 성분:677자
[상세] 12/30 [9월 올영픽/산리오캐릭터즈 콜라보] 아누아 피디알엔 히알루론산 100 수분 크림 60ml 더블기획(+시나모롤 집게핀)
  [상세 성공] 평점:4.8 리뷰:10,197 용량:[본품] 60ml 2입 + [GWP] 시나모롤 집게핀 성분:710자
[상세] 13/30 [9월 올영픽] 피지오겔 DMT 페이셜 크림 대용량 200ml 기획(+토너50ml+마스크1매)
  [상세 성공] 평점:4.8 리뷰:24,495 용량:크림 200ml + 토너 50ml + 마스크 28ml x1매 성분:757자
[상세] 14/30 [9월 올영픽/데일리장벽케어] 라로슈포제 시카플라스트 멀티 리페어 크림 100ml 기획 (+시카에센스 7.5ml*2)
  [상세 성공] 평점:4.8 리뷰:20,477 용량:시카플라스트 멀티 리페어 크림 100ml (+시카에센스 7.5ml*2) 성분:787자
[상세] 15/30 에스트라 아토베리어365 하이드로 수딩크림 80ml 기획 (+수딩크림 10ml+클렌징폼 30g)
  [상세 성공] 평점:4.8 리뷰:14,019 용량:본품 80ml (증정: 수딩크림 10ml + 클렌징폼 30g) 성분:363자
[상세] 16/30 [1+1] 한율 쑥히알 크림 60ml 더블 기획(+산리오 헬로키티 헤어고정시트 2ea)
  [상세 성공] 평점:4.8 리뷰:3,203 용량:60ml + 60ml 성분:321자
[상세] 17/30 [9월올영픽] 바이오더마 시카비오 포마드 100ml 기획(+포마드 5ml+크림 5ml+크림 SPF50 5ml)
  [상세 성공] 평점:4.8 리뷰:17,428 용량:100ml 성분:304자
[상세] 18/30 [9월 올영픽] 유세린 하이알루론 3X 아이크림 15ml 기획 (+진정장벽 마스크팩 1매+광채 세럼 7ml)
  [상세 성공] 평점:4.8 리뷰:11,740 용량:본품: 15ml / 증정: 마스크팩 25g*1ea, 일루미네이팅 세럼 7ml*1ea 성분:828자
[상세] 19/30 [눈가&목주름케어] 바이오힐보 3D 리프팅 아이&링클 크림 25ml (더블/트리플)
  [상세 성공] 평점:4.8 리뷰:2,735 용량:25mL*2ea / 25mL*3ea 성분:920자
[상세] 20/30 [장원영PICK] 닥터엘시아 345 릴리프 크림 50ml 기획 (+10ml*2ea+튜브링거)
  [상세 성공] 평점:4.8 리뷰:5,147 용량:크림 50ml (+10ml*2ea+튜브링거) 성분:407자
[상세] 21/30 [여배우 물광크림] 메디큐브 PDRN 핑크 콜라겐 캡슐크림 55g 기획 (+4.5g*2ea+앰플 마스크 1ea)
  [상세 성공] 평점:4.7 리뷰:1,856 용량:본품 55g / 블리스터 4.5g*2매 / 앰플마스크 1매 성분:1387자
[상세] 22/30 더마팩토리 트라넥삼산 6% 크림 30ml
  [상세 성공] 평점:4.7 리뷰:1,756 용량:30ml 성분:312자
[상세] 23/30 [카디비PICK|탄력보습] 바이오힐보 프로바이오덤 3D리프팅 크림 50ml [단품/기획]
  [상세 성공] 평점:4.9 리뷰:6,921 용량:단품 50ml/ 리필기획 50ml+50ml/ 대용량기획 50ml+50ml+20ml/ 크림마스크기획 50ml+크림마스크1매 성분:1790자
[상세] 24/30 [베일리pick/단독기획] VT 피디알엔 리들샷 아이 리프터 15ml 리필기획 (+리필 15ml)
  [상세 성공] 평점:4.9 리뷰:3,145 용량:15ml / 0.50 fl. oz. * 2개입 성분:1057자
[상세] 25/30 [산리오 특가/리뷰이벤트/헬로키티] 에스네이처 아쿠아 오아시스 수분 젤크림 90ml 기획 (+헬로키티 러기지택)
  [상세 성공] 평점:4.8 리뷰:7,383 용량:젤크림 90ml + 헬로키티 러기지 네임택 성분:387자
[GPT OCR 실패] main_ingredients를 비워두고 계속합니다: Error code: 400 - {'error': {'message': 'Unable to download content from the provided URL before the timeout. Check that
[상세] 26/30 [1+1/광채탄력] 닥터지 블랙스네일 크림 50ml 1+1 기획 +(15ml 추가 증정)
  [상세 성공] 평점:4.9 리뷰:6,881 용량:50ml+50ml+15ml, 50ml+50ml+20ml 성분:1651자
[상세] 27/30 [우주먼지 에디션]션리 다시마 글레이즈드 크림 50g 기획 (+우주먼지쇼퍼백+스티커 3ea)
  [상세 성공] 평점:5 리뷰:7,457 용량:50g 성분:554자
[상세] 28/30 [NCT 재민PICK] 이즈앤트리 어니언 뉴페어 겔크림 플러스 50ml 기획 (+겔크림 플러스 20ml, 패드 2매)
  [상세 성공] 평점:4.8 리뷰:6,908 용량:[본품]50ml [증정]크림20ml+패드2매 성분:850자
[상세] 29/30 [아이돌추천템/수부지크림] 브링그린 티트리 시카 수딩 크림 플러스 100ml (2입/단품)
  [상세 성공] 평점:4.8 리뷰:21,305 용량:■ 본품 100mL / 본품 100mL x 2EA + 징크테카 세럼 1mL X 3EA / 본품 100mL x 2EA / 본품 100mL x 2EA+패드10매 성분:266자
[상세] 30/30 [9월올영픽] 바이오더마 시카비오 크림+ 100ml 더블 기획
  [상세 성공] 평점:4.8 리뷰:4,499 용량:100ml + 100ml 성분:278자
[상품 CSV 저장 완료] Data\2026-09-11_cream\oliveyoung_판매순(info)_260911.csv
모든 정렬순서 상품 수집 완료!

[판매순] 상품 CSV: Data\2026-09-11_cream\oliveyoung_판매순(info)_260911.csv
[판매순] --skip-reviews 옵션으로 리뷰 수집을 생략합니다.
======================================================================
[신상품순] 올리브영 상품 수집 시작
======================================================================
============================================================
0단계: 올리브영 카테고리 자동 선택
대카테고리: 스킨케어
중카테고리: 크림
============================================================
[완료] 카테고리 클릭: 스킨케어 > 크림
[현재 URL] https://www.oliveyoung.co.kr/store/display/getMCategoryList.do?dispCatNo=100000100010015&gateCd=Drawer&trackingCd=Cat100000100010015_MID&trackingCd=Cat100000100010015_MID&t_page=%EB%93%9C%EB%A1%9C%EC%9A%B0_%EC%B9%B4%ED%85%8C%EA%B3%A0%EB%A6%AC&t_click=%EC%B9%B4%ED%85%8C%EA%B3%A0%EB%A6%AC%ED%83%AD_%EC%A4%91%EC%B9%B4%ED%85%8C%EA%B3%A0%EB%A6%AC&t_1st_category_type=%EB%8C%80_%EC%8A%A4%ED%82%A8%EC%BC%80%EC%96%B4&t_2nd_category_type=%EC%A4%91_%ED%81%AC%EB%A6%BC
[카테고리 번호] 100000100010015
============================================================
▶ [신상품순] 상품 수집 시작
============================================================
[목록] 1페이지 수집 중...
  목록 상품 수: 24
[목록] 2페이지 수집 중...
  목록 상품 수: 22
============================================================
▶ [신상품순] 상품 상세정보 수집 시작
============================================================
[상세] 1/30 [탄력케어] 락토-피디알엔 4% + 비9 아이크림 15ml
  [상세 성공] 평점: 리뷰: 용량:15ml 성분:316자
[상세] 2/30 [여배우 물광크림] 메디큐브 PDRN 핑크 콜라겐 캡슐크림 55g 기획 (+4.5g*2ea+앰플 마스크 1ea)
  [상세 성공] 평점:4.7 리뷰:1,856 용량:본품 55g / 블리스터 4.5g*2매 / 앰플마스크 1매 성분:1387자
[상세] 3/30 [9/11 하루특가][대용량] 파티온 노스카나인 트러블 크림 75ml 기획(+5ml)
  [상세 성공] 평점:4.7 리뷰:49 용량:[본품]트러블 크림 75ml+[증정품] 트러블크림 5ml 성분:677자
[상세] 4/30 [우주먼지 에디션]션리 다시마 글레이즈드 크림 50g 기획 (+우주먼지쇼퍼백+스티커 3ea)
  [상세 성공] 평점:5 리뷰:7,457 용량:50g 성분:554자
[상세] 5/30 레이어랩 판테놀 인텐시브 크림 플러스 60ml 더블 기획
  [상세 성공] 평점:4.9 리뷰:529 용량:60ml*2ea 성분:552자
[상세] 6/30 [산리오 특가/리뷰이벤트/헬로키티] 에스네이처 아쿠아 오아시스 수분 젤크림 90ml 기획 (+헬로키티 러기지택)
  [상세 성공] 평점:4.8 리뷰:7,383 용량:젤크림 90ml + 헬로키티 러기지 네임택 성분:387자
[상세] 7/30 [산리오 특가/리뷰이벤트/헬로키티] 에스네이처 아쿠아 스쿠알란 수분크림 60ml 더블기획 (+헬로키티 키캡키링)
  [상세 성공] 평점:4.8 리뷰:38,214 용량:60ml*2개입 + 헬로키티 키캡 키링 성분:337자
[상세] 8/30 AHC 프로 샷 히알루로 딥 볼륨 5 캡슐 인퓨즈드 아이크림 포 페이스 30ml
  [상세 성공] 평점: 리뷰: 용량:30ml 성분:515자
[상세] 9/30 VT 피디알엔 캡슐 크림 100 50ml 기획 (+4.5ml*3ea)
  [상세 성공] 평점:4.8 리뷰:374 용량:50ml / 1.69 fl. oz [증정] 4.5ml * 3ea 성분:733자
[상세] 10/30 [9월 올영픽] 토리든 다이브인 저분자 히알루론산 수딩 크림 100ml 더블 기획 (+메쉬백) (시나모롤)
  [상세 성공] 평점:4.9 리뷰:3,564 용량:100 ml / 3.38 fl. oz. 성분:477자
[상세] 11/30 [습윤장벽] 동아제약 딥-베리어 프로 크림제 50ml 기획 (+10ml)
  [상세 성공] 평점:5 리뷰:599 용량:50 ml + [증정품] 10 ml 성분:621자
[상세] 12/30 [9월 올영픽/산리오 콜라보] 구달 청귤 비타C 잡티케어 크림 알파 75ml+75ml 리필 기획(+폼폼푸린 카드케이스)
  [상세 성공] 평점:4.9 리뷰:1,337 용량:75ml+75ml 성분:609자
[상세] 13/30 [9월 올영픽] 피지오겔 DMT 페이셜 크림 대용량 200ml 기획(+토너50ml+마스크1매)
  [상세 성공] 평점:4.8 리뷰:24,495 용량:크림 200ml + 토너 50ml + 마스크 28ml x1매 성분:757자
[상세] 14/30 [NEW리뷰이벤트/붉은기진정크림] 동국제약 루온셀 듀얼 아쿠아 크림 50ml
  [상세 성공] 평점:5 리뷰:15 용량:50ml / 1.69 fl.oz. 성분:840자
[상세] 15/30 [최초구성/한정기획] 라운드랩 자작나무 수분 크림 80ml 더블 기획 (+자작 드롭 세럼 20ml)
  [상세 성공] 평점:4.8 리뷰:6,509 용량:[본품] 자작나무 수분 크림 160ml + [증정품] 자작나무 수분 드롭 세럼 20ml 성분:811자
[상세] 16/30 [9월올영픽] 바이오더마 시카비오 포마드 100ml 기획(+포마드 5ml+크림 5ml+크림 SPF50 5ml)
  [상세 성공] 평점:4.8 리뷰:17,428 용량:100ml 성분:304자
[상세] 17/30 [9월올영픽] 바이오더마 시카비오 크림+ 100ml 더블 기획
  [상세 성공] 평점:4.8 리뷰:4,499 용량:100ml + 100ml 성분:278자
[상세] 18/30 [9월 올영픽][누렁이 콜라보] 제로이드 인텐시브 크림 80ml+50ml 기획 (+누렁이 파우치)
  [상세 성공] 평점:4.8 리뷰:12,962 용량:80ml + 50ml 성분:267자
[상세] 19/30 [9월 올영픽/데일리장벽케어] 라로슈포제 시카플라스트 멀티 리페어 크림 100ml 기획 (+시카에센스 7.5ml*2)
  [상세 성공] 평점:4.8 리뷰:20,477 용량:시카플라스트 멀티 리페어 크림 100ml (+시카에센스 7.5ml*2) 성분:787자
[상세] 20/30 [9월 올영픽/손상장벽집중케어]라로슈포제 시카플라스트밤 B5+ 100ml 기획 (+시카에센스7.5ml+히알루세럼3ml)
  [상세 성공] 평점:4.8 리뷰:34,759 용량:시카플라스트 밤 B5+ 100ml (+시카에센스 7.5ml+히알루세럼 3ml) 성분:1077자
[상세] 21/30 [9월 올영픽] 유세린 하이알루론 3X 나이트크림 50ml 기획 (+진정장벽 마스크팩 1매+팩 브러쉬)
  [상세 성공] 평점:4.8 리뷰:3,117 용량:본품: 50ml / 증정: 마스크팩 25g*1ea, 팩 브러쉬 성분:582자
[상세] 22/30 [9월 올영픽] 유세린 하이알루론 3X 아이크림 15ml 기획 (+진정장벽 마스크팩 1매+광채 세럼 7ml)
  [상세 성공] 평점:4.8 리뷰:11,740 용량:본품: 15ml / 증정: 마스크팩 25g*1ea, 일루미네이팅 세럼 7ml*1ea 성분:828자
[상세] 23/30 [1+1] 한율 쑥히알 크림 60ml 더블 기획(+산리오 헬로키티 헤어고정시트 2ea)
  [상세 성공] 평점:4.8 리뷰:3,203 용량:60ml + 60ml 성분:321자
[상세] 24/30 [고강도레티날] 닥터디퍼런트 레티날 1500 시그니처 크림 30g
  [상세 성공] 평점:4.6 리뷰:18 용량:30g 성분:230자
[상세] 25/30 이니스프리 그린티 씨드 히알루론산 크림 50ml 기획(+20ml)
  [상세 성공] 평점:4.8 리뷰:706 용량:50ML+20ML 성분:746자
[상세] 26/30 [9월 올영픽/산리오캐릭터즈 콜라보] 아누아 피디알엔 히알루론산 100 수분 크림 60ml 더블기획(+시나모롤 집게핀)
  [상세 성공] 평점:4.8 리뷰:10,197 용량:[본품] 60ml 2입 + [GWP] 시나모롤 집게핀 성분:710자
[상세] 27/30 [1등크림] 에스트라 아토베리어365 크림 80ml 기획(+토너25ml+클렌징폼3g*3EA)
  [상세 성공] 평점:4.9 리뷰:39,893 용량:80ML (내장 증정: 토너 25ml + 클렌징폼 3g*3) 성분:456자
[상세] 28/30 [리뉴얼]에스테덤 셀룰러워터 하이드라 플럼핑 크림 50ml
  [상세 성공] 평점:5 리뷰:14 용량:50ml 성분:500자
[상세] 29/30 [NEW]에스테덤 셀룰러워터 하이드라 플럼핑 젤 50ml
  [상세 성공] 평점:5 리뷰:6 용량:50ml 성분:447자
[상세] 30/30 [NEW|다크서클케어] 바이오힐보 NAD 프리즈셀 레티날 아이크림 25mL 더블 기획
  [상세 성공] 평점:4.8 리뷰:17 용량:25 ml * 2ea 성분:694자
[상품 CSV 저장 완료] Data\2026-09-11_cream\oliveyoung_신상품순(info)_260911.csv
모든 정렬순서 상품 수집 완료!

[신상품순] 상품 CSV: Data\2026-09-11_cream\oliveyoung_신상품순(info)_260911.csv
[신상품순] --skip-reviews 옵션으로 리뷰 수집을 생략합니다.

[건너뜀] --skip-import 옵션으로 DB 적재를 생략합니다.
